../Core/Src/main.c:85:6:Debug_Print1	80	static
../Core/Src/main.c:107:5:main	8	static
../Core/Src/main.c:206:6:SystemClock_Config	88	static
../Core/Src/main.c:252:13:MX_I2C2_Init	8	static
../Core/Src/main.c:286:13:MX_TIM2_Init	48	static
../Core/Src/main.c:344:13:MX_TIM4_Init	64	static
../Core/Src/main.c:415:13:MX_TIM5_Init	48	static
../Core/Src/main.c:473:13:MX_USART1_UART_Init	8	static
../Core/Src/main.c:506:13:MX_GPIO_Init	48	static
../Core/Src/main.c:552:6:Error_Handler	4	static,ignoring_inline_asm
