Component: Arm Compiler for Embedded 6.24 Tool: armlink [5f371500]

==============================================================================

Section Cross References

    startup_stm32f407xx.o(STACK) refers (Special) to heapauxi.o(.text) for __use_two_region_memory
    startup_stm32f407xx.o(HEAP) refers (Special) to heapauxi.o(.text) for __use_two_region_memory
    startup_stm32f407xx.o(RESET) refers (Special) to heapauxi.o(.text) for __use_two_region_memory
    startup_stm32f407xx.o(RESET) refers to startup_stm32f407xx.o(STACK) for __initial_sp
    startup_stm32f407xx.o(RESET) refers to startup_stm32f407xx.o(.text) for Reset_Handler
    startup_stm32f407xx.o(RESET) refers to stm32f4xx_it.o(.text.NMI_Handler) for NMI_Handler
    startup_stm32f407xx.o(RESET) refers to stm32f4xx_it.o(.text.HardFault_Handler) for HardFault_Handler
    startup_stm32f407xx.o(RESET) refers to stm32f4xx_it.o(.text.MemManage_Handler) for MemManage_Handler
    startup_stm32f407xx.o(RESET) refers to stm32f4xx_it.o(.text.BusFault_Handler) for BusFault_Handler
    startup_stm32f407xx.o(RESET) refers to stm32f4xx_it.o(.text.UsageFault_Handler) for UsageFault_Handler
    startup_stm32f407xx.o(RESET) refers to stm32f4xx_it.o(.text.SVC_Handler) for SVC_Handler
    startup_stm32f407xx.o(RESET) refers to stm32f4xx_it.o(.text.DebugMon_Handler) for DebugMon_Handler
    startup_stm32f407xx.o(RESET) refers to stm32f4xx_it.o(.text.PendSV_Handler) for PendSV_Handler
    startup_stm32f407xx.o(RESET) refers to stm32f4xx_it.o(.text.SysTick_Handler) for SysTick_Handler
    startup_stm32f407xx.o(RESET) refers to stm32f4xx_it.o(.text.TIM2_IRQHandler) for TIM2_IRQHandler
    startup_stm32f407xx.o(RESET) refers to stm32f4xx_it.o(.text.EXTI15_10_IRQHandler) for EXTI15_10_IRQHandler
    startup_stm32f407xx.o(RESET) refers to stm32f4xx_it.o(.text.TIM5_IRQHandler) for TIM5_IRQHandler
    startup_stm32f407xx.o(.text) refers (Special) to heapauxi.o(.text) for __use_two_region_memory
    startup_stm32f407xx.o(.text) refers to system_stm32f4xx.o(.text.SystemInit) for SystemInit
    startup_stm32f407xx.o(.text) refers to __main.o(!!!main) for __main
    startup_stm32f407xx.o(.text) refers to startup_stm32f407xx.o(HEAP) for Heap_Mem
    startup_stm32f407xx.o(.text) refers to startup_stm32f407xx.o(STACK) for Stack_Mem
    main.o(.text) refers (Special) to _printf_percent.o(.ARM.Collect$$_printf_percent$$00000000) for _printf_percent
    main.o(.text) refers (Special) to _printf_d.o(.ARM.Collect$$_printf_percent$$00000009) for _printf_d
    main.o(.text) refers (Special) to _printf_f.o(.ARM.Collect$$_printf_percent$$00000003) for _printf_f
    main.o(.text) refers (Special) to _printf_dec.o(.text) for _printf_int_dec
    main.o(.text) refers (Special) to printf1.o(x$fpl$printf1) for _printf_fp_dec
    main.o(.text.Debug_Print1) refers (Special) to _printf_percent.o(.ARM.Collect$$_printf_percent$$00000000) for _printf_percent
    main.o(.text.Debug_Print1) refers (Special) to _printf_d.o(.ARM.Collect$$_printf_percent$$00000009) for _printf_d
    main.o(.text.Debug_Print1) refers (Special) to _printf_f.o(.ARM.Collect$$_printf_percent$$00000003) for _printf_f
    main.o(.text.Debug_Print1) refers (Special) to _printf_dec.o(.text) for _printf_int_dec
    main.o(.text.Debug_Print1) refers (Special) to printf1.o(x$fpl$printf1) for _printf_fp_dec
    main.o(.text.Debug_Print1) refers to main.o(.bss..L_MergedGlobals) for .L_MergedGlobals
    main.o(.text.Debug_Print1) refers to f2d.o(x$fpl$f2d) for __aeabi_f2d
    main.o(.text.Debug_Print1) refers to encoder.o(.bss..L_MergedGlobals) for ec_l
    main.o(.text.Debug_Print1) refers to mpu6050.o(.bss..L_MergedGlobals) for yaw
    main.o(.text.Debug_Print1) refers to main.o(.rodata.str1.1) for .L.str
    main.o(.text.Debug_Print1) refers to noretval__2sprintf.o(.text) for __2sprintf
    main.o(.text.Debug_Print1) refers to strlen.o(.text) for strlen
    main.o(.text.Debug_Print1) refers to stm32f4xx_hal_uart.o(.text.HAL_UART_Transmit) for HAL_UART_Transmit
    main.o(.ARM.exidx.text.Debug_Print1) refers (Special) to _printf_percent.o(.ARM.Collect$$_printf_percent$$00000000) for _printf_percent
    main.o(.ARM.exidx.text.Debug_Print1) refers (Special) to _printf_d.o(.ARM.Collect$$_printf_percent$$00000009) for _printf_d
    main.o(.ARM.exidx.text.Debug_Print1) refers (Special) to _printf_f.o(.ARM.Collect$$_printf_percent$$00000003) for _printf_f
    main.o(.ARM.exidx.text.Debug_Print1) refers (Special) to _printf_dec.o(.text) for _printf_int_dec
    main.o(.ARM.exidx.text.Debug_Print1) refers (Special) to printf1.o(x$fpl$printf1) for _printf_fp_dec
    main.o(.ARM.exidx.text.Debug_Print1) refers to main.o(.text.Debug_Print1) for [Anonymous Symbol]
    main.o(.text.main) refers (Special) to _printf_percent.o(.ARM.Collect$$_printf_percent$$00000000) for _printf_percent
    main.o(.text.main) refers (Special) to _printf_d.o(.ARM.Collect$$_printf_percent$$00000009) for _printf_d
[...]
    .ARM.Collect$$libinit$$00000021          0x0800024e   Section        0  libinit2.o(.ARM.Collect$$libinit$$00000021)
    .ARM.Collect$$libinit$$00000023          0x0800024e   Section        0  libinit2.o(.ARM.Collect$$libinit$$00000023)
    .ARM.Collect$$libinit$$00000025          0x0800024e   Section        0  libinit2.o(.ARM.Collect$$libinit$$00000025)
    .ARM.Collect$$libinit$$00000027          0x0800024e   Section        0  libinit2.o(.ARM.Collect$$libinit$$00000027)
    .ARM.Collect$$libinit$$0000002E          0x0800024e   Section        0  libinit2.o(.ARM.Collect$$libinit$$0000002E)
    .ARM.Collect$$libinit$$00000030          0x0800024e   Section        0  libinit2.o(.ARM.Collect$$libinit$$00000030)
    .ARM.Collect$$libinit$$00000032          0x0800024e   Section        0  libinit2.o(.ARM.Collect$$libinit$$00000032)
    .ARM.Collect$$libinit$$00000034          0x0800024e   Section        0  libinit2.o(.ARM.Collect$$libinit$$00000034)
    .ARM.Collect$$libinit$$00000035          0x0800024e   Section        2  libinit2.o(.ARM.Collect$$libinit$$00000035)
    .ARM.Collect$$libshutdown$$00000000      0x08000250   Section        2  libshutdown.o(.ARM.Collect$$libshutdown$$00000000)
    .ARM.Collect$$libshutdown$$00000002      0x08000252   Section        0  libshutdown2.o(.ARM.Collect$$libshutdown$$00000002)
    .ARM.Collect$$libshutdown$$00000004      0x08000252   Section        0  libshutdown2.o(.ARM.Collect$$libshutdown$$00000004)
    .ARM.Collect$$libshutdown$$00000007      0x08000252   Section        0  libshutdown2.o(.ARM.Collect$$libshutdown$$00000007)
    .ARM.Collect$$libshutdown$$0000000A      0x08000252   Section        0  libshutdown2.o(.ARM.Collect$$libshutdown$$0000000A)
    .ARM.Collect$$libshutdown$$0000000C      0x08000252   Section        0  libshutdown2.o(.ARM.Collect$$libshutdown$$0000000C)
    .ARM.Collect$$libshutdown$$0000000F      0x08000252   Section        0  libshutdown2.o(.ARM.Collect$$libshutdown$$0000000F)
    .ARM.Collect$$libshutdown$$00000010      0x08000252   Section        2  libshutdown2.o(.ARM.Collect$$libshutdown$$00000010)
    .ARM.Collect$$rtentry$$00000000          0x08000254   Section        0  __rtentry.o(.ARM.Collect$$rtentry$$00000000)
    .ARM.Collect$$rtentry$$00000002          0x08000254   Section        0  __rtentry2.o(.ARM.Collect$$rtentry$$00000002)
    .ARM.Collect$$rtentry$$00000004          0x08000254   Section        6  __rtentry4.o(.ARM.Collect$$rtentry$$00000004)
    .ARM.Collect$$rtentry$$00000009          0x0800025a   Section        0  __rtentry2.o(.ARM.Collect$$rtentry$$00000009)
    .ARM.Collect$$rtentry$$0000000A          0x0800025a   Section        4  __rtentry2.o(.ARM.Collect$$rtentry$$0000000A)
    .ARM.Collect$$rtentry$$0000000C          0x0800025e   Section        0  __rtentry2.o(.ARM.Collect$$rtentry$$0000000C)
    .ARM.Collect$$rtentry$$0000000D          0x0800025e   Section        8  __rtentry2.o(.ARM.Collect$$rtentry$$0000000D)
    .ARM.Collect$$rtexit$$00000000           0x08000266   Section        2  rtexit.o(.ARM.Collect$$rtexit$$00000000)
    .ARM.Collect$$rtexit$$00000002           0x08000268   Section        0  rtexit2.o(.ARM.Collect$$rtexit$$00000002)
    .ARM.Collect$$rtexit$$00000003           0x08000268   Section        4  rtexit2.o(.ARM.Collect$$rtexit$$00000003)
    .ARM.Collect$$rtexit$$00000004           0x0800026c   Section        6  rtexit2.o(.ARM.Collect$$rtexit$$00000004)
    $v0                                      0x08000274   Number         0  startup_stm32f407xx.o(.text)
    .text                                    0x08000274   Section       64  startup_stm32f407xx.o(.text)
    .text                                    0x080002b4   Section      240  lludivv7m.o(.text)
    .text                                    0x080003a4   Section        0  _printf_dec.o(.text)
    .text                                    0x0800041c   Section       78  rt_memclr_w.o(.text)
    .text                                    0x0800046a   Section        0  heapauxi.o(.text)
    .text                                    0x08000470   Section        0  _rserrno.o(.text)
    .text                                    0x08000486   Section        0  _printf_intcommon.o(.text)
    _fp_digits                               0x08000539   Thumb Code   432  _printf_fp_dec.o(.text)
    .text                                    0x08000538   Section        0  _printf_fp_dec.o(.text)
    .text                                    0x08000954   Section        8  rt_locale_intlibspace.o(.text)
    .text                                    0x0800095c   Section        8  rt_errno_addr_intlibspace.o(.text)
    .text                                    0x08000964   Section      138  lludiv10.o(.text)
    .text                                    0x080009f0   Section        0  _printf_fp_infnan.o(.text)
    .text                                    0x08000a70   Section        0  bigflt0.o(.text)
    .text                                    0x08000b54   Section        8  libspace.o(.text)
    .text                                    0x08000b5c   Section       74  sys_stackheap_outer.o(.text)
    .text                                    0x08000ba6   Section        0  exit.o(.text)
    .text                                    0x08000bb8   Section      124  strcmpv7em.o(.text)
    .text                                    0x08000c34   Section        0  sys_exit.o(.text)
    .text                                    0x08000c40   Section        2  use_no_semi.o(.text)
    .text                                    0x08000c42   Section        0  indicate_semi.o(.text)
    [Anonymous Symbol]                       0x08000c44   Section        0  stm32f4xx_it.o(.text.BusFault_Handler)
    [Anonymous Symbol]                       0x08000c48   Section        0  stm32f4xx_it.o(.text.DebugMon_Handler)
    [Anonymous Symbol]                       0x08000c4c   Section        0  stm32f4xx_it.o(.text.EXTI15_10_IRQHandler)
    [Anonymous Symbol]                       0x08000c54   Section        0  stm32f4xx_hal.o(.text.HAL_Delay)
    [Anonymous Symbol]                       0x08000c7c   Section        0  mpu6050.o(.text.HAL_GPIO_EXTI_Callback)
    [Anonymous Symbol]                       0x08000dc8   Section        0  stm32f4xx_hal_gpio.o(.text.HAL_GPIO_EXTI_IRQHandler)
    [Anonymous Symbol]                       0x08000de0   Section        0  stm32f4xx_hal_gpio.o(.text.HAL_GPIO_Init)
    [Anonymous Symbol]                       0x08000f80   Section        0  stm32f4xx_hal_gpio.o(.text.HAL_GPIO_WritePin)
    [Anonymous Symbol]                       0x08000f8c   Section        0  stm32f4xx_hal.o(.text.HAL_GetTick)
    [Anonymous Symbol]                       0x08000f98   Section        0  stm32f4xx_hal_i2c.o(.text.HAL_I2C_Init)
    [Anonymous Symbol]                       0x080010fc   Section        0  stm32f4xx_hal_i2c.o(.text.HAL_I2C_Mem_Read)
    [Anonymous Symbol]                       0x08001354   Section        0  stm32f4xx_hal_i2c.o(.text.HAL_I2C_Mem_Write)
    [Anonymous Symbol]                       0x080014b0   Section        0  stm32f4xx_hal_msp.o(.text.HAL_I2C_MspInit)
    [Anonymous Symbol]                       0x08001528   Section        0  stm32f4xx_hal.o(.text.HAL_IncTick)
    [Anonymous Symbol]                       0x08001544   Section        0  stm32f4xx_hal.o(.text.HAL_Init)
    [Anonymous Symbol]                       0x0800157c   Section        0  stm32f4xx_hal.o(.text.HAL_InitTick)
    [Anonymous Symbol]                       0x080015c4   Section        0  stm32f4xx_hal_msp.o(.text.HAL_MspInit)
    [Anonymous Symbol]                       0x080015fc   Section        0  stm32f4xx_hal_cortex.o(.text.HAL_NVIC_EnableIRQ)
    [Anonymous Symbol]                       0x08001620   Section        0  stm32f4xx_hal_cortex.o(.text.HAL_NVIC_SetPriority)
    [Anonymous Symbol]                       0x08001678   Section        0  stm32f4xx_hal_cortex.o(.text.HAL_NVIC_SetPriorityGrouping)
    [Anonymous Symbol]                       0x08001698   Section        0  stm32f4xx_hal_rcc.o(.text.HAL_RCC_ClockConfig)
    [Anonymous Symbol]                       0x080017fc   Section        0  stm32f4xx_hal_rcc.o(.text.HAL_RCC_GetPCLK1Freq)
    [Anonymous Symbol]                       0x08001824   Section        0  stm32f4xx_hal_rcc.o(.text.HAL_RCC_GetPCLK2Freq)
    [Anonymous Symbol]                       0x0800184c   Section        0  stm32f4xx_hal_rcc.o(.text.HAL_RCC_GetSysClockFreq)
    [Anonymous Symbol]                       0x080018bc   Section        0  stm32f4xx_hal_rcc.o(.text.HAL_RCC_OscConfig)
    [Anonymous Symbol]                       0x08001c68   Section        0  stm32f4xx_hal_cortex.o(.text.HAL_SYSTICK_Config)
    [Anonymous Symbol]                       0x08001c94   Section        0  stm32f4xx_hal_tim_ex.o(.text.HAL_TIMEx_BreakCallback)
    [Anonymous Symbol]                       0x08001c98   Section        0  stm32f4xx_hal_tim_ex.o(.text.HAL_TIMEx_CommutCallback)
    [Anonymous Symbol]                       0x08001c9c   Section        0  stm32f4xx_hal_tim_ex.o(.text.HAL_TIMEx_MasterConfigSynchronization)
    [Anonymous Symbol]                       0x08001d58   Section        0  stm32f4xx_hal_tim.o(.text.HAL_TIM_Base_Init)
    [Anonymous Symbol]                       0x08001db4   Section        0  stm32f4xx_hal_msp.o(.text.HAL_TIM_Base_MspInit)
    [Anonymous Symbol]                       0x08001ecc   Section        0  stm32f4xx_hal_tim.o(.text.HAL_TIM_Base_Start)
    [Anonymous Symbol]                       0x08001f70   Section        0  stm32f4xx_hal_tim.o(.text.HAL_TIM_ConfigClockSource)
    [Anonymous Symbol]                       0x08002110   Section        0  encoder.o(.text.HAL_TIM_IC_CaptureCallback)
    [Anonymous Symbol]                       0x080022a8   Section        0  stm32f4xx_hal_tim.o(.text.HAL_TIM_IC_ConfigChannel)
    [Anonymous Symbol]                       0x08002470   Section        0  stm32f4xx_hal_tim.o(.text.HAL_TIM_IC_Init)
    [Anonymous Symbol]                       0x080024cc   Section        0  stm32f4xx_hal_tim.o(.text.HAL_TIM_IC_MspInit)
    [Anonymous Symbol]                       0x080024d0   Section        0  stm32f4xx_hal_tim.o(.text.HAL_TIM_IC_Start_IT)
    [Anonymous Symbol]                       0x08002634   Section        0  stm32f4xx_hal_tim.o(.text.HAL_TIM_IRQHandler)
    [Anonymous Symbol]                       0x08002784   Section        0  stm32f4xx_hal_msp.o(.text.HAL_TIM_MspPostInit)
    [Anonymous Symbol]                       0x080027e4   Section        0  stm32f4xx_hal_tim.o(.text.HAL_TIM_OC_DelayElapsedCallback)
    [Anonymous Symbol]                       0x080027e8   Section        0  stm32f4xx_hal_tim.o(.text.HAL_TIM_PWM_ConfigChannel)
    [Anonymous Symbol]                       0x08002a08   Section        0  stm32f4xx_hal_tim.o(.text.HAL_TIM_PWM_Init)
    [Anonymous Symbol]                       0x08002a64   Section        0  stm32f4xx_hal_tim.o(.text.HAL_TIM_PWM_MspInit)
    [Anonymous Symbol]                       0x08002a68   Section        0  stm32f4xx_hal_tim.o(.text.HAL_TIM_PWM_PulseFinishedCallback)
    [Anonymous Symbol]                       0x08002a6c   Section        0  stm32f4xx_hal_tim.o(.text.HAL_TIM_PWM_Start)
    [Anonymous Symbol]                       0x08002b7c   Section        0  stm32f4xx_hal_tim.o(.text.HAL_TIM_PeriodElapsedCallback)
    [Anonymous Symbol]                       0x08002b80   Section        0  stm32f4xx_hal_tim.o(.text.HAL_TIM_ReadCapturedValue)
    [Anonymous Symbol]                       0x08002b98   Section        0  stm32f4xx_hal_tim.o(.text.HAL_TIM_TriggerCallback)
    [Anonymous Symbol]                       0x08002b9c   Section        0  stm32f4xx_hal_uart.o(.text.HAL_UART_Init)
    [Anonymous Symbol]                       0x08002bfc   Section        0  stm32f4xx_hal_msp.o(.text.HAL_UART_MspInit)
    [Anonymous Symbol]                       0x08002c70   Section        0  stm32f4xx_it.o(.text.HardFault_Handler)
    [Anonymous Symbol]                       0x08002c74   Section        0  control.o(.text.HeadingHold_Task)
    I2C_RequestMemoryRead                    0x08002d79   Thumb Code   274  stm32f4xx_hal_i2c.o(.text.I2C_RequestMemoryRead)
    [Anonymous Symbol]                       0x08002d78   Section        0  stm32f4xx_hal_i2c.o(.text.I2C_RequestMemoryRead)
    I2C_RequestMemoryWrite                   0x08002e8d   Thumb Code   200  stm32f4xx_hal_i2c.o(.text.I2C_RequestMemoryWrite)
    [Anonymous Symbol]                       0x08002e8c   Section        0  stm32f4xx_hal_i2c.o(.text.I2C_RequestMemoryWrite)
    I2C_WaitOnBTFFlagUntilTimeout            0x08002f55   Thumb Code   186  stm32f4xx_hal_i2c.o(.text.I2C_WaitOnBTFFlagUntilTimeout)
    [Anonymous Symbol]                       0x08002f54   Section        0  stm32f4xx_hal_i2c.o(.text.I2C_WaitOnBTFFlagUntilTimeout)
    I2C_WaitOnFlagUntilTimeout               0x08003011   Thumb Code   458  stm32f4xx_hal_i2c.o(.text.I2C_WaitOnFlagUntilTimeout)
    [Anonymous Symbol]                       0x08003010   Section        0  stm32f4xx_hal_i2c.o(.text.I2C_WaitOnFlagUntilTimeout)
    I2C_WaitOnMasterAddressFlagUntilTimeout  0x080031dd   Thumb Code   214  stm32f4xx_hal_i2c.o(.text.I2C_WaitOnMasterAddressFlagUntilTimeout)
    [Anonymous Symbol]                       0x080031dc   Section        0  stm32f4xx_hal_i2c.o(.text.I2C_WaitOnMasterAddressFlagUntilTimeout)
    I2C_WaitOnRXNEFlagUntilTimeout           0x080032b5   Thumb Code   144  stm32f4xx_hal_i2c.o(.text.I2C_WaitOnRXNEFlagUntilTimeout)
    [Anonymous Symbol]                       0x080032b4   Section        0  stm32f4xx_hal_i2c.o(.text.I2C_WaitOnRXNEFlagUntilTimeout)
    I2C_WaitOnTXEFlagUntilTimeout            0x08003345   Thumb Code   186  stm32f4xx_hal_i2c.o(.text.I2C_WaitOnTXEFlagUntilTimeout)
    [Anonymous Symbol]                       0x08003344   Section        0  stm32f4xx_hal_i2c.o(.text.I2C_WaitOnTXEFlagUntilTimeout)
    [Anonymous Symbol]                       0x08003400   Section        0  control.o(.text.Kinematics_reset)
    [Anonymous Symbol]                       0x08003418   Section        0  control.o(.text.Kinematics_update)
    [Anonymous Symbol]                       0x08003558   Section        0  stm32f4xx_it.o(.text.MemManage_Handler)
    [Anonymous Symbol]                       0x0800355c   Section        0  stm32f4xx_it.o(.text.NMI_Handler)
    [Anonymous Symbol]                       0x08003560   Section        0  pid.o(.text.PID_Init)
    [Anonymous Symbol]                       0x08003578   Section        0  pid.o(.text.PID_Reset)
    [Anonymous Symbol]                       0x08003584   Section        0  pid.o(.text.PID_Update)
    [Anonymous Symbol]                       0x08003640   Section        0  stm32f4xx_it.o(.text.PendSV_Handler)
    [Anonymous Symbol]                       0x08003644   Section        0  stm32f4xx_it.o(.text.SVC_Handler)
    [Anonymous Symbol]                       0x08003648   Section        0  stm32f4xx_it.o(.text.SysTick_Handler)
    [Anonymous Symbol]                       0x0800364c   Section        0  main.o(.text.SystemClock_Config)
    [Anonymous Symbol]                       0x080036f4   Section        0  system_stm32f4xx.o(.text.SystemInit)
    [Anonymous Symbol]                       0x08003708   Section        0  stm32f4xx_it.o(.text.TIM2_IRQHandler)
    [Anonymous Symbol]                       0x08003714   Section        0  stm32f4xx_it.o(.text.TIM5_IRQHandler)
    [Anonymous Symbol]                       0x08003720   Section        0  stm32f4xx_hal_tim.o(.text.TIM_Base_SetConfig)
    UART_SetConfig                           0x0800385d   Thumb Code   230  stm32f4xx_hal_uart.o(.text.UART_SetConfig)
    [Anonymous Symbol]                       0x0800385c   Section        0  stm32f4xx_hal_uart.o(.text.UART_SetConfig)
    [Anonymous Symbol]                       0x08003944   Section        0  stm32f4xx_it.o(.text.UsageFault_Handler)
    [Anonymous Symbol]                       0x08003948   Section        0  encoder.o(.text.encoder_init)
    [Anonymous Symbol]                       0x0800397c   Section        0  main.o(.text.main)
    [Anonymous Symbol]                       0x08003d5c   Section        0  motor.o(.text.motor_init)
    [Anonymous Symbol]                       0x08003db4   Section        0  motor.o(.text.motor_stop)
    [Anonymous Symbol]                       0x08003ddc   Section        0  control.o(.text.motorcontrol_pid)
    [Anonymous Symbol]                       0x0800400c   Section        0  mpu6050.o(.text.mpu6050_Calibrate)
    [Anonymous Symbol]                       0x08004094   Section        0  mpu6050.o(.text.mpu6050_Init)
    [Anonymous Symbol]                       0x08004150   Section        0  mpu6050.o(.text.mpu6050_angleDiff)
    [Anonymous Symbol]                       0x0800419c   Section        0  control.o(.text.pid_setup)
    CL$$btod_d2e                             0x08004224   Section       62  btod.o(CL$$btod_d2e)
    CL$$btod_d2e_denorm_low                  0x08004262   Section       70  btod.o(CL$$btod_d2e_denorm_low)
    CL$$btod_d2e_norm_op1                    0x080042a8   Section       96  btod.o(CL$$btod_d2e_norm_op1)
    CL$$btod_div_common                      0x08004308   Section      824  btod.o(CL$$btod_div_common)
    CL$$btod_e2e                             0x08004640   Section      220  btod.o(CL$$btod_e2e)
    CL$$btod_ediv                            0x0800471c   Section       42  btod.o(CL$$btod_ediv)
    CL$$btod_emul                            0x08004746   Section       42  btod.o(CL$$btod_emul)
    CL$$btod_mult_common                     0x08004770   Section      580  btod.o(CL$$btod_mult_common)
    i.__ARM_fpclassify                       0x080049b4   Section        0  fpclassify.o(i.__ARM_fpclassify)
    i.__ARM_fpclassifyf                      0x080049e4   Section        0  fpclassifyf.o(i.__ARM_fpclassifyf)
    i.__hardfp_cosf                          0x08004a0c   Section        0  cosf.o(i.__hardfp_cosf)
    i.__hardfp_sinf                          0x08004b5c   Section        0  sinf.o(i.__hardfp_sinf)
    i.__mathlib_flt_infnan                   0x08004cec   Section        0  funder.o(i.__mathlib_flt_infnan)
    i.__mathlib_flt_invalid                  0x08004cf4   Section        0  funder.o(i.__mathlib_flt_invalid)
    i.__mathlib_flt_underflow                0x08004d04   Section        0  funder.o(i.__mathlib_flt_underflow)
    i.__mathlib_rredf2                       0x08004d14   Section        0  rredf.o(i.__mathlib_rredf2)
    locale$$code                             0x08004e68   Section       44  lc_numeric_c.o(locale$$code)
    $v0                                      0x08004e94   Number         0  fpinit.o(x$fpl$fpinit)
    x$fpl$fpinit                             0x08004e94   Section       26  fpinit.o(x$fpl$fpinit)
    $v0                                      0x08004eae   Number         0  printf1.o(x$fpl$printf1)
    x$fpl$printf1                            0x08004eae   Section        4  printf1.o(x$fpl$printf1)
    x$fpl$usenofp                            0x08004eb2   Section        0  usenofp.o(x$fpl$usenofp)
    twooverpi                                0x08004eb4   Data          32  rredf.o(.constdata)
    .constdata                               0x08004eb4   Section       32  rredf.o(.constdata)
    tenpwrs_x                                0x08004ed4   Data          60  bigflt0.o(.constdata)
    .constdata                               0x08004ed4   Section      148  bigflt0.o(.constdata)
    tenpwrs_i                                0x08004f10   Data          64  bigflt0.o(.constdata)
    .Lswitch.table.HAL_TIM_IC_Start_IT       0x08004f80   Data          16  stm32f4xx_hal_tim.o(.rodata.cst16)
    .Lswitch.table.HAL_TIM_IC_Stop_IT        0x08004f90   Data          16  stm32f4xx_hal_tim.o(.rodata.cst16)
    .Lswitch.table.HAL_TIM_IC_Stop_DMA       0x08004fa0   Data          16  stm32f4xx_hal_tim.o(.rodata.cst16)
    locale$$data                             0x08004fd0   Section       28  lc_numeric_c.o(locale$$data)
    __lcnum_c_name                           0x08004fd4   Data           2  lc_numeric_c.o(locale$$data)
    __lcnum_c_start                          0x08004fdc   Data           0  lc_numeric_c.o(locale$$data)
    __lcnum_c_point                          0x08004fe8   Data           0  lc_numeric_c.o(locale$$data)
    __lcnum_c_thousands                      0x08004fea   Data           0  lc_numeric_c.o(locale$$data)
    __lcnum_c_grouping                       0x08004feb   Data           0  lc_numeric_c.o(locale$$data)
    __lcnum_c_end                            0x08004fec   Data           0  lc_numeric_c.o(locale$$data)
    .L_MergedGlobals                         0x20000000   Data           8  stm32f4xx_hal.o(.data..L_MergedGlobals)
    [Anonymous Symbol]                       0x20000000   Section        0  stm32f4xx_hal.o(.data..L_MergedGlobals)
    .bss                                     0x20000010   Section       96  libspace.o(.bss)
    .L_MergedGlobals                         0x20000070   Data          88  main.o(.bss..L_MergedGlobals)
    [Anonymous Symbol]                       0x20000070   Section        0  main.o(.bss..L_MergedGlobals)
    .L_MergedGlobals                         0x200000c8   Data          44  control.o(.bss..L_MergedGlobals)
    [Anonymous Symbol]                       0x200000c8   Section        0  control.o(.bss..L_MergedGlobals)
    .L_MergedGlobals                         0x200000f4   Data          68  encoder.o(.bss..L_MergedGlobals)
    [Anonymous Symbol]                       0x200000f4   Section        0  encoder.o(.bss..L_MergedGlobals)
    .L_MergedGlobals                         0x20000138   Data          24  mpu6050.o(.bss..L_MergedGlobals)
    [Anonymous Symbol]                       0x20000138   Section        0  mpu6050.o(.bss..L_MergedGlobals)
    .L_MergedGlobals                         0x20000150   Data           4  navigation.o(.bss..L_MergedGlobals)
    [Anonymous Symbol]                       0x20000150   Section        0  navigation.o(.bss..L_MergedGlobals)
    HeadingHold_Task.err_old                 0x20000154   Data           4  control.o(.bss.HeadingHold_Task.err_old)
    [Anonymous Symbol]                       0x20000154   Section        0  control.o(.bss.HeadingHold_Task.err_old)
    Heap_Mem                                 0x200002e8   Data         512  startup_stm32f407xx.o(HEAP)
    HEAP                                     0x200002e8   Section      512  startup_stm32f407xx.o(HEAP)
    Stack_Mem                                0x200004e8   Data        1024  startup_stm32f407xx.o(STACK)
    STACK                                    0x200004e8   Section     1024  startup_stm32f407xx.o(STACK)
    __initial_sp                             0x200008e8   Data           0  startup_stm32f407xx.o(STACK)

    Global Symbols

    Symbol Name                              Value     Ov Type        Size  Object(Section)

    BuildAttributes$$THM_ISAv4$E$P$D$K$B$S$7EM$VFPi3$EXTD16$VFPS$VFMA$PE$A:L22UL41UL21$X:L11$S22US41US21$IEEE1$IW$~IW$USESV6$~STKCKD$USESV7$~SHL$OTIME$ROPI$IEEEX$EBA8$UX$STANDARDLIB$REQ8$PRES8$EABIv2 0x00000000   Number         0  anon$$obj.o ABSOLUTE
    _printf_flags                            0x00000000   Number         0  printf_stubs.o ABSOLUTE
    _printf_return_value                     0x00000000   Number         0  printf_stubs.o ABSOLUTE
    _printf_sizespec                         0x00000000   Number         0  printf_stubs.o ABSOLUTE
    _printf_widthprec                        0x00000000   Number         0  printf_stubs.o ABSOLUTE
    __ARM_exceptions_init                     - Undefined Weak Reference
    __alloca_initialize                       - Undefined Weak Reference
    __arm_preinit_                            - Undefined Weak Reference
    __arm_relocate_pie_                       - Undefined Weak Reference
    __cpp_initialize__aeabi_                  - Undefined Weak Reference
    __cxa_finalize                            - Undefined Weak Reference
    __sigvec_lookup                           - Undefined Weak Reference
    _atexit_init                              - Undefined Weak Reference
    _call_atexit_fns                          - Undefined Weak Reference
    _clock_init                               - Undefined Weak Reference
    _fp_trap_init                             - Undefined Weak Reference
    _fp_trap_shutdown                         - Undefined Weak Reference
    _get_lc_collate                           - Undefined Weak Reference
    _get_lc_ctype                             - Undefined Weak Reference
    _get_lc_monetary                          - Undefined Weak Reference
    _get_lc_time                              - Undefined Weak Reference
    _getenv_init                              - Undefined Weak Reference
    _handle_redirection                       - Undefined Weak Reference
    _init_alloc                               - Undefined Weak Reference
    _init_user_alloc                          - Undefined Weak Reference
    _initio                                   - Undefined Weak Reference
    _printf_post_padding                      - Undefined Weak Reference
    _printf_pre_padding                       - Undefined Weak Reference
    _printf_truncate_signed                   - Undefined Weak Reference
    _printf_truncate_unsigned                 - Undefined Weak Reference
    _rand_init                                - Undefined Weak Reference
    _signal_finish                            - Undefined Weak Reference
    _signal_init                              - Undefined Weak Reference
    _terminate_alloc                          - Undefined Weak Reference
    _terminate_user_alloc                     - Undefined Weak Reference
    _terminateio                              - Undefined Weak Reference
    __Vectors_Size                           0x00000188   Number         0  startup_stm32f407xx.o ABSOLUTE
    __Vectors                                0x08000000   Data           4  startup_stm32f407xx.o(RESET)
    __Vectors_End                            0x08000188   Data           0  startup_stm32f407xx.o(RESET)
    __main                                   0x08000189   Thumb Code     8  __main.o(!!!main)
    __scatterload                            0x08000191   Thumb Code     0  __scatter.o(!!!scatter)
    __scatterload_rt2                        0x08000191   Thumb Code    84  __scatter.o(!!!scatter)
    __scatterload_rt2_thumb_only             0x08000191   Thumb Code     0  __scatter.o(!!!scatter)
    __scatterload_loop                       0x0800019b   Thumb Code     0  __scatter.o(!!!scatter)
    __scatterload_copy                       0x080001ed   Thumb Code    26  __scatter_copy.o(!!handler_copy)
    __scatterload_null                       0x08000209   Thumb Code     2  __scatter.o(!!handler_null)
    __scatterload_zeroinit                   0x0800020d   Thumb Code    28  __scatter_zi.o(!!handler_zi)
    _printf_f                                0x08000229   Thumb Code     0  _printf_f.o(.ARM.Collect$$_printf_percent$$00000003)
    _printf_percent                          0x08000229   Thumb Code     0  _printf_percent.o(.ARM.Collect$$_printf_percent$$00000000)
    _printf_d                                0x0800022f   Thumb Code     0  _printf_d.o(.ARM.Collect$$_printf_percent$$00000009)
    _printf_percent_end                      0x08000235   Thumb Code     0  _printf_percent_end.o(.ARM.Collect$$_printf_percent$$00000017)
    __rt_lib_init                            0x08000239   Thumb Code     0  libinit.o(.ARM.Collect$$libinit$$00000000)
    __rt_lib_init_fp_1                       0x0800023b   Thumb Code     0  libinit2.o(.ARM.Collect$$libinit$$00000001)
    __rt_lib_init_heap_1                     0x0800023f   Thumb Code     0  libinit2.o(.ARM.Collect$$libinit$$0000000C)
    __rt_lib_init_lc_common                  0x0800023f   Thumb Code     0  libinit2.o(.ARM.Collect$$libinit$$00000011)
    __rt_lib_init_preinit_1                  0x0800023f   Thumb Code     0  libinit2.o(.ARM.Collect$$libinit$$00000006)
    __rt_lib_init_rand_1                     0x0800023f   Thumb Code     0  libinit2.o(.ARM.Collect$$libinit$$00000010)
    __rt_lib_init_relocate_pie_1             0x0800023f   Thumb Code     0  libinit2.o(.ARM.Collect$$libinit$$00000004)
    __rt_lib_init_user_alloc_1               0x0800023f   Thumb Code     0  libinit2.o(.ARM.Collect$$libinit$$0000000E)
    __rt_lib_init_lc_collate_1               0x08000245   Thumb Code     0  libinit2.o(.ARM.Collect$$libinit$$00000013)
    __rt_lib_init_lc_ctype_1                 0x08000245   Thumb Code     0  libinit2.o(.ARM.Collect$$libinit$$00000015)
    __rt_lib_init_lc_monetary_1              0x08000245   Thumb Code     0  libinit2.o(.ARM.Collect$$libinit$$00000017)
    __rt_lib_init_lc_numeric_2               0x08000245   Thumb Code     0  libinit2.o(.ARM.Collect$$libinit$$00000018)
    __rt_lib_init_alloca_1                   0x0800024f   Thumb Code     0  libinit2.o(.ARM.Collect$$libinit$$00000030)
    __rt_lib_init_argv_1                     0x0800024f   Thumb Code     0  libinit2.o(.ARM.Collect$$libinit$$0000002E)
    __rt_lib_init_atexit_1                   0x0800024f   Thumb Code     0  libinit2.o(.ARM.Collect$$libinit$$0000001D)
    __rt_lib_init_clock_1                    0x0800024f   Thumb Code     0  libinit2.o(.ARM.Collect$$libinit$$00000023)
    __rt_lib_init_cpp_1                      0x0800024f   Thumb Code     0  libinit2.o(.ARM.Collect$$libinit$$00000034)
    __rt_lib_init_exceptions_1               0x0800024f   Thumb Code     0  libinit2.o(.ARM.Collect$$libinit$$00000032)
    __rt_lib_init_fp_trap_1                  0x0800024f   Thumb Code     0  libinit2.o(.ARM.Collect$$libinit$$00000021)
    __rt_lib_init_getenv_1                   0x0800024f   Thumb Code     0  libinit2.o(.ARM.Collect$$libinit$$00000025)
    __rt_lib_init_lc_numeric_1               0x0800024f   Thumb Code     0  libinit2.o(.ARM.Collect$$libinit$$00000019)
    __rt_lib_init_lc_time_1                  0x0800024f   Thumb Code     0  libinit2.o(.ARM.Collect$$libinit$$0000001B)
    __rt_lib_init_return                     0x0800024f   Thumb Code     0  libinit2.o(.ARM.Collect$$libinit$$00000035)
    __rt_lib_init_signal_1                   0x0800024f   Thumb Code     0  libinit2.o(.ARM.Collect$$libinit$$0000001F)
    __rt_lib_init_stdio_1                    0x0800024f   Thumb Code     0  libinit2.o(.ARM.Collect$$libinit$$00000027)
    __rt_lib_shutdown                        0x08000251   Thumb Code     0  libshutdown.o(.ARM.Collect$$libshutdown$$00000000)
    __rt_lib_shutdown_cpp_1                  0x08000253   Thumb Code     0  libshutdown2.o(.ARM.Collect$$libshutdown$$00000002)
    __rt_lib_shutdown_fp_trap_1              0x08000253   Thumb Code     0  libshutdown2.o(.ARM.Collect$$libshutdown$$00000007)
    __rt_lib_shutdown_heap_1                 0x08000253   Thumb Code     0  libshutdown2.o(.ARM.Collect$$libshutdown$$0000000F)
    __rt_lib_shutdown_return                 0x08000253   Thumb Code     0  libshutdown2.o(.ARM.Collect$$libshutdown$$00000010)
    __rt_lib_shutdown_signal_1               0x08000253   Thumb Code     0  libshutdown2.o(.ARM.Collect$$libshutdown$$0000000A)
    __rt_lib_shutdown_stdio_1                0x08000253   Thumb Code     0  libshutdown2.o(.ARM.Collect$$libshutdown$$00000004)
    __rt_lib_shutdown_user_alloc_1           0x08000253   Thumb Code     0  libshutdown2.o(.ARM.Collect$$libshutdown$$0000000C)
    __rt_entry                               0x08000255   Thumb Code     0  __rtentry.o(.ARM.Collect$$rtentry$$00000000)
    __rt_entry_presh_1                       0x08000255   Thumb Code     0  __rtentry2.o(.ARM.Collect$$rtentry$$00000002)
    __rt_entry_sh                            0x08000255   Thumb Code     0  __rtentry4.o(.ARM.Collect$$rtentry$$00000004)
    __rt_entry_li                            0x0800025b   Thumb Code     0  __rtentry2.o(.ARM.Collect$$rtentry$$0000000A)
    __rt_entry_postsh_1                      0x0800025b   Thumb Code     0  __rtentry2.o(.ARM.Collect$$rtentry$$00000009)
    __rt_entry_main                          0x0800025f   Thumb Code     0  __rtentry2.o(.ARM.Collect$$rtentry$$0000000D)
    __rt_entry_postli_1                      0x0800025f   Thumb Code     0  __rtentry2.o(.ARM.Collect$$rtentry$$0000000C)
    __rt_exit                                0x08000267   Thumb Code     0  rtexit.o(.ARM.Collect$$rtexit$$00000000)
    __rt_exit_ls                             0x08000269   Thumb Code     0  rtexit2.o(.ARM.Collect$$rtexit$$00000003)
    __rt_exit_prels_1                        0x08000269   Thumb Code     0  rtexit2.o(.ARM.Collect$$rtexit$$00000002)
    __rt_exit_exit                           0x0800026d   Thumb Code     0  rtexit2.o(.ARM.Collect$$rtexit$$00000004)
    Reset_Handler                            0x08000275   Thumb Code     8  startup_stm32f407xx.o(.text)
    ADC_IRQHandler                           0x0800028f   Thumb Code     0  startup_stm32f407xx.o(.text)
    CAN1_RX0_IRQHandler                      0x0800028f   Thumb Code     0  startup_stm32f407xx.o(.text)
    CAN1_RX1_IRQHandler                      0x0800028f   Thumb Code     0  startup_stm32f407xx.o(.text)
    CAN1_SCE_IRQHandler                      0x0800028f   Thumb Code     0  startup_stm32f407xx.o(.text)
    CAN1_TX_IRQHandler                       0x0800028f   Thumb Code     0  startup_stm32f407xx.o(.text)
    CAN2_RX0_IRQHandler                      0x0800028f   Thumb Code     0  startup_stm32f407xx.o(.text)
    CAN2_RX1_IRQHandler                      0x0800028f   Thumb Code     0  startup_stm32f407xx.o(.text)
    CAN2_SCE_IRQHandler                      0x0800028f   Thumb Code     0  startup_stm32f407xx.o(.text)
    CAN2_TX_IRQHandler                       0x0800028f   Thumb Code     0  startup_stm32f407xx.o(.text)
    DCMI_IRQHandler                          0x0800028f   Thumb Code     0  startup_stm32f407xx.o(.text)
    DMA1_Stream0_IRQHandler                  0x0800028f   Thumb Code     0  startup_stm32f407xx.o(.text)
    DMA1_Stream1_IRQHandler                  0x0800028f   Thumb Code     0  startup_stm32f407xx.o(.text)
    DMA1_Stream2_IRQHandler                  0x0800028f   Thumb Code     0  startup_stm32f407xx.o(.text)
    DMA1_Stream3_IRQHandler                  0x0800028f   Thumb Code     0  startup_stm32f407xx.o(.text)
    DMA1_Stream4_IRQHandler                  0x0800028f   Thumb Code     0  startup_stm32f407xx.o(.text)
    DMA1_Stream5_IRQHandler                  0x0800028f   Thumb Code     0  startup_stm32f407xx.o(.text)
    DMA1_Stream6_IRQHandler                  0x0800028f   Thumb Code     0  startup_stm32f407xx.o(.text)
    DMA1_Stream7_IRQHandler                  0x0800028f   Thumb Code     0  startup_stm32f407xx.o(.text)
    DMA2_Stream0_IRQHandler                  0x0800028f   Thumb Code     0  startup_stm32f407xx.o(.text)
    DMA2_Stream1_IRQHandler                  0x0800028f   Thumb Code     0  startup_stm32f407xx.o(.text)
    DMA2_Stream2_IRQHandler                  0x0800028f   Thumb Code     0  startup_stm32f407xx.o(.text)
    DMA2_Stream3_IRQHandler                  0x0800028f   Thumb Code     0  startup_stm32f407xx.o(.text)
    DMA2_Stream4_IRQHandler                  0x0800028f   Thumb Code     0  startup_stm32f407xx.o(.text)
    DMA2_Stream5_IRQHandler                  0x0800028f   Thumb Code     0  startup_stm32f407xx.o(.text)
    DMA2_Stream6_IRQHandler                  0x0800028f   Thumb Code     0  startup_stm32f407xx.o(.text)
    DMA2_Stream7_IRQHandler                  0x0800028f   Thumb Code     0  startup_stm32f407xx.o(.text)
    ETH_IRQHandler                           0x0800028f   Thumb Code     0  startup_stm32f407xx.o(.text)
    ETH_WKUP_IRQHandler                      0x0800028f   Thumb Code     0  startup_stm32f407xx.o(.text)
    EXTI0_IRQHandler                         0x0800028f   Thumb Code     0  startup_stm32f407xx.o(.text)
    EXTI1_IRQHandler                         0x0800028f   Thumb Code     0  startup_stm32f407xx.o(.text)
    EXTI2_IRQHandler                         0x0800028f   Thumb Code     0  startup_stm32f407xx.o(.text)
    EXTI3_IRQHandler                         0x0800028f   Thumb Code     0  startup_stm32f407xx.o(.text)
    EXTI4_IRQHandler                         0x0800028f   Thumb Code     0  startup_stm32f407xx.o(.text)
    EXTI9_5_IRQHandler                       0x0800028f   Thumb Code     0  startup_stm32f407xx.o(.text)
    FLASH_IRQHandler                         0x0800028f   Thumb Code     0  startup_stm32f407xx.o(.text)
    FMC_IRQHandler                           0x0800028f   Thumb Code     0  startup_stm32f407xx.o(.text)
    FPU_IRQHandler                           0x0800028f   Thumb Code     0  startup_stm32f407xx.o(.text)
    HASH_RNG_IRQHandler                      0x0800028f   Thumb Code     0  startup_stm32f407xx.o(.text)
    I2C1_ER_IRQHandler                       0x0800028f   Thumb Code     0  startup_stm32f407xx.o(.text)
    I2C1_EV_IRQHandler                       0x0800028f   Thumb Code     0  startup_stm32f407xx.o(.text)
    I2C2_ER_IRQHandler                       0x0800028f   Thumb Code     0  startup_stm32f407xx.o(.text)
    I2C2_EV_IRQHandler                       0x0800028f   Thumb Code     0  startup_stm32f407xx.o(.text)
    I2C3_ER_IRQHandler                       0x0800028f   Thumb Code     0  startup_stm32f407xx.o(.text)
    I2C3_EV_IRQHandler                       0x0800028f   Thumb Code     0  startup_stm32f407xx.o(.text)
    OTG_FS_IRQHandler                        0x0800028f   Thumb Code     0  startup_stm32f407xx.o(.text)
    OTG_FS_WKUP_IRQHandler                   0x0800028f   Thumb Code     0  startup_stm32f407xx.o(.text)
    OTG_HS_EP1_IN_IRQHandler                 0x0800028f   Thumb Code     0  startup_stm32f407xx.o(.text)
    OTG_HS_EP1_OUT_IRQHandler                0x0800028f   Thumb Code     0  startup_stm32f407xx.o(.text)
    OTG_HS_IRQHandler                        0x0800028f   Thumb Code     0  startup_stm32f407xx.o(.text)
    OTG_HS_WKUP_IRQHandler                   0x0800028f   Thumb Code     0  startup_stm32f407xx.o(.text)
    PVD_IRQHandler                           0x0800028f   Thumb Code     0  startup_stm32f407xx.o(.text)
    RCC_IRQHandler                           0x0800028f   Thumb Code     0  startup_stm32f407xx.o(.text)
    RTC_Alarm_IRQHandler                     0x0800028f   Thumb Code     0  startup_stm32f407xx.o(.text)
    RTC_WKUP_IRQHandler                      0x0800028f   Thumb Code     0  startup_stm32f407xx.o(.text)
    SDIO_IRQHandler                          0x0800028f   Thumb Code     0  startup_stm32f407xx.o(.text)
    SPI1_IRQHandler                          0x0800028f   Thumb Code     0  startup_stm32f407xx.o(.text)
    SPI2_IRQHandler                          0x0800028f   Thumb Code     0  startup_stm32f407xx.o(.text)
    SPI3_IRQHandler                          0x0800028f   Thumb Code     0  startup_stm32f407xx.o(.text)
    TAMP_STAMP_IRQHandler                    0x0800028f   Thumb Code     0  startup_stm32f407xx.o(.text)
    TIM1_BRK_TIM9_IRQHandler                 0x0800028f   Thumb Code     0  startup_stm32f407xx.o(.text)
    TIM1_CC_IRQHandler                       0x0800028f   Thumb Code     0  startup_stm32f407xx.o(.text)
    TIM1_TRG_COM_TIM11_IRQHandler            0x0800028f   Thumb Code     0  startup_stm32f407xx.o(.text)
    TIM1_UP_TIM10_IRQHandler                 0x0800028f   Thumb Code     0  startup_stm32f407xx.o(.text)
    TIM3_IRQHandler                          0x0800028f   Thumb Code     0  startup_stm32f407xx.o(.text)
    TIM4_IRQHandler                          0x0800028f   Thumb Code     0  startup_stm32f407xx.o(.text)
    TIM6_DAC_IRQHandler                      0x0800028f   Thumb Code     0  startup_stm32f407xx.o(.text)
    TIM7_IRQHandler                          0x0800028f   Thumb Code     0  startup_stm32f407xx.o(.text)
    TIM8_BRK_TIM12_IRQHandler                0x0800028f   Thumb Code     0  startup_stm32f407xx.o(.text)
    TIM8_CC_IRQHandler                       0x0800028f   Thumb Code     0  startup_stm32f407xx.o(.text)
    TIM8_TRG_COM_TIM14_IRQHandler            0x0800028f   Thumb Code     0  startup_stm32f407xx.o(.text)
    TIM8_UP_TIM13_IRQHandler                 0x0800028f   Thumb Code     0  startup_stm32f407xx.o(.text)
    UART4_IRQHandler                         0x0800028f   Thumb Code     0  startup_stm32f407xx.o(.text)
    UART5_IRQHandler                         0x0800028f   Thumb Code     0  startup_stm32f407xx.o(.text)
    USART1_IRQHandler                        0x0800028f   Thumb Code     0  startup_stm32f407xx.o(.text)
    USART2_IRQHandler                        0x0800028f   Thumb Code     0  startup_stm32f407xx.o(.text)
    USART3_IRQHandler                        0x0800028f   Thumb Code     0  startup_stm32f407xx.o(.text)
    USART6_IRQHandler                        0x0800028f   Thumb Code     0  startup_stm32f407xx.o(.text)
    WWDG_IRQHandler                          0x0800028f   Thumb Code     0  startup_stm32f407xx.o(.text)
    __user_initial_stackheap                 0x08000291   Thumb Code     0  startup_stm32f407xx.o(.text)
    __aeabi_uldivmod                         0x080002b5   Thumb Code     0  lludivv7m.o(.text)
    _ll_udiv                                 0x080002b5   Thumb Code   240  lludivv7m.o(.text)
    _printf_int_dec                          0x080003a5   Thumb Code   104  _printf_dec.o(.text)
    __aeabi_memclr4                          0x0800041d   Thumb Code     0  rt_memclr_w.o(.text)
    __aeabi_memclr8                          0x0800041d   Thumb Code     0  rt_memclr_w.o(.text)
    __rt_memclr_w                            0x0800041d   Thumb Code     0  rt_memclr_w.o(.text)
    _memset_w                                0x08000421   Thumb Code    74  rt_memclr_w.o(.text)
    __use_two_region_memory                  0x0800046b   Thumb Code     2  heapauxi.o(.text)
    __rt_heap_escrow$2region                 0x0800046d   Thumb Code     2  heapauxi.o(.text)
    __rt_heap_expand$2region                 0x0800046f   Thumb Code     2  heapauxi.o(.text)
    __read_errno                             0x08000471   Thumb Code    10  _rserrno.o(.text)
    __set_errno                              0x0800047b   Thumb Code    12  _rserrno.o(.text)
    _printf_int_common                       0x08000487   Thumb Code   178  _printf_intcommon.o(.text)
    _printf_fp_dec_real                      0x080006e9   Thumb Code   620  _printf_fp_dec.o(.text)
    __rt_locale                              0x08000955   Thumb Code     8  rt_locale_intlibspace.o(.text)
    __aeabi_errno_addr                       0x0800095d   Thumb Code     8  rt_errno_addr_intlibspace.o(.text)
    __errno$intlibspace                      0x0800095d   Thumb Code     0  rt_errno_addr_intlibspace.o(.text)
    __rt_errno_addr$intlibspace              0x0800095d   Thumb Code     0  rt_errno_addr_intlibspace.o(.text)
    _ll_udiv10                               0x08000965   Thumb Code   138  lludiv10.o(.text)
    _printf_fp_infnan                        0x080009f1   Thumb Code   112  _printf_fp_infnan.o(.text)
    _btod_etento                             0x08000a71   Thumb Code   224  bigflt0.o(.text)
    __user_libspace                          0x08000b55   Thumb Code     8  libspace.o(.text)
    __user_perproc_libspace                  0x08000b55   Thumb Code     0  libspace.o(.text)
    __user_perthread_libspace                0x08000b55   Thumb Code     0  libspace.o(.text)
    __user_setup_stackheap                   0x08000b5d   Thumb Code    74  sys_stackheap_outer.o(.text)
    exit                                     0x08000ba7   Thumb Code    18  exit.o(.text)
    strcmp                                   0x08000bb9   Thumb Code   124  strcmpv7em.o(.text)
    _sys_exit                                0x08000c35   Thumb Code     8  sys_exit.o(.text)
    __I$use$semihosting                      0x08000c41   Thumb Code     0  use_no_semi.o(.text)
    __use_no_semihosting_swi                 0x08000c41   Thumb Code     2  use_no_semi.o(.text)
    __semihosting_library_function           0x08000c43   Thumb Code     0  indicate_semi.o(.text)
    BusFault_Handler                         0x08000c45   Thumb Code     2  stm32f4xx_it.o(.text.BusFault_Handler)
    DebugMon_Handler                         0x08000c49   Thumb Code     2  stm32f4xx_it.o(.text.DebugMon_Handler)
    EXTI15_10_IRQHandler                     0x08000c4d   Thumb Code     8  stm32f4xx_it.o(.text.EXTI15_10_IRQHandler)
    HAL_Delay                                0x08000c55   Thumb Code    40  stm32f4xx_hal.o(.text.HAL_Delay)
    HAL_GPIO_EXTI_Callback                   0x08000c7d   Thumb Code   300  mpu6050.o(.text.HAL_GPIO_EXTI_Callback)
    HAL_GPIO_EXTI_IRQHandler                 0x08000dc9   Thumb Code    22  stm32f4xx_hal_gpio.o(.text.HAL_GPIO_EXTI_IRQHandler)
    HAL_GPIO_Init                            0x08000de1   Thumb Code   414  stm32f4xx_hal_gpio.o(.text.HAL_GPIO_Init)
    HAL_GPIO_WritePin                        0x08000f81   Thumb Code    10  stm32f4xx_hal_gpio.o(.text.HAL_GPIO_WritePin)
    HAL_GetTick                              0x08000f8d   Thumb Code    12  stm32f4xx_hal.o(.text.HAL_GetTick)
    HAL_I2C_Init                             0x08000f99   Thumb Code   356  stm32f4xx_hal_i2c.o(.text.HAL_I2C_Init)
    HAL_I2C_Mem_Read                         0x080010fd   Thumb Code   600  stm32f4xx_hal_i2c.o(.text.HAL_I2C_Mem_Read)
    HAL_I2C_Mem_Write                        0x08001355   Thumb Code   348  stm32f4xx_hal_i2c.o(.text.HAL_I2C_Mem_Write)
    HAL_I2C_MspInit                          0x080014b1   Thumb Code   118  stm32f4xx_hal_msp.o(.text.HAL_I2C_MspInit)
    HAL_IncTick                              0x08001529   Thumb Code    26  stm32f4xx_hal.o(.text.HAL_IncTick)
    HAL_Init                                 0x08001545   Thumb Code    54  stm32f4xx_hal.o(.text.HAL_Init)
    HAL_InitTick                             0x0800157d   Thumb Code    72  stm32f4xx_hal.o(.text.HAL_InitTick)
    HAL_MspInit                              0x080015c5   Thumb Code    56  stm32f4xx_hal_msp.o(.text.HAL_MspInit)
    HAL_NVIC_EnableIRQ                       0x080015fd   Thumb Code    34  stm32f4xx_hal_cortex.o(.text.HAL_NVIC_EnableIRQ)
    HAL_NVIC_SetPriority                     0x08001621   Thumb Code    86  stm32f4xx_hal_cortex.o(.text.HAL_NVIC_SetPriority)
    HAL_NVIC_SetPriorityGrouping             0x08001679   Thumb Code    32  stm32f4xx_hal_cortex.o(.text.HAL_NVIC_SetPriorityGrouping)
    HAL_RCC_ClockConfig                      0x08001699   Thumb Code   356  stm32f4xx_hal_rcc.o(.text.HAL_RCC_ClockConfig)
    HAL_RCC_GetPCLK1Freq                     0x080017fd   Thumb Code    38  stm32f4xx_hal_rcc.o(.text.HAL_RCC_GetPCLK1Freq)
    HAL_RCC_GetPCLK2Freq                     0x08001825   Thumb Code    38  stm32f4xx_hal_rcc.o(.text.HAL_RCC_GetPCLK2Freq)
    HAL_RCC_GetSysClockFreq                  0x0800184d   Thumb Code   112  stm32f4xx_hal_rcc.o(.text.HAL_RCC_GetSysClockFreq)
    HAL_RCC_OscConfig                        0x080018bd   Thumb Code   940  stm32f4xx_hal_rcc.o(.text.HAL_RCC_OscConfig)
    HAL_SYSTICK_Config                       0x08001c69   Thumb Code    44  stm32f4xx_hal_cortex.o(.text.HAL_SYSTICK_Config)
    HAL_TIMEx_BreakCallback                  0x08001c95   Thumb Code     2  stm32f4xx_hal_tim_ex.o(.text.HAL_TIMEx_BreakCallback)
    HAL_TIMEx_CommutCallback                 0x08001c99   Thumb Code     2  stm32f4xx_hal_tim_ex.o(.text.HAL_TIMEx_CommutCallback)
    HAL_TIMEx_MasterConfigSynchronization    0x08001c9d   Thumb Code   186  stm32f4xx_hal_tim_ex.o(.text.HAL_TIMEx_MasterConfigSynchronization)
    HAL_TIM_Base_Init                        0x08001d59   Thumb Code    90  stm32f4xx_hal_tim.o(.text.HAL_TIM_Base_Init)
    HAL_TIM_Base_MspInit                     0x08001db5   Thumb Code   278  stm32f4xx_hal_msp.o(.text.HAL_TIM_Base_MspInit)
    HAL_TIM_Base_Start                       0x08001ecd   Thumb Code   162  stm32f4xx_hal_tim.o(.text.HAL_TIM_Base_Start)
    HAL_TIM_ConfigClockSource                0x08001f71   Thumb Code   416  stm32f4xx_hal_tim.o(.text.HAL_TIM_ConfigClockSource)
    HAL_TIM_IC_CaptureCallback               0x08002111   Thumb Code   392  encoder.o(.text.HAL_TIM_IC_CaptureCallback)
    HAL_TIM_IC_ConfigChannel                 0x080022a9   Thumb Code   454  stm32f4xx_hal_tim.o(.text.HAL_TIM_IC_ConfigChannel)
    HAL_TIM_IC_Init                          0x08002471   Thumb Code    90  stm32f4xx_hal_tim.o(.text.HAL_TIM_IC_Init)
    HAL_TIM_IC_MspInit                       0x080024cd   Thumb Code     2  stm32f4xx_hal_tim.o(.text.HAL_TIM_IC_MspInit)
    HAL_TIM_IC_Start_IT                      0x080024d1   Thumb Code   354  stm32f4xx_hal_tim.o(.text.HAL_TIM_IC_Start_IT)
    HAL_TIM_IRQHandler                       0x08002635   Thumb Code   334  stm32f4xx_hal_tim.o(.text.HAL_TIM_IRQHandler)
    HAL_TIM_MspPostInit                      0x08002785   Thumb Code    94  stm32f4xx_hal_msp.o(.text.HAL_TIM_MspPostInit)
    HAL_TIM_OC_DelayElapsedCallback          0x080027e5   Thumb Code     2  stm32f4xx_hal_tim.o(.text.HAL_TIM_OC_DelayElapsedCallback)
    HAL_TIM_PWM_ConfigChannel                0x080027e9   Thumb Code   544  stm32f4xx_hal_tim.o(.text.HAL_TIM_PWM_ConfigChannel)
    HAL_TIM_PWM_Init                         0x08002a09   Thumb Code    90  stm32f4xx_hal_tim.o(.text.HAL_TIM_PWM_Init)
    HAL_TIM_PWM_MspInit                      0x08002a65   Thumb Code     2  stm32f4xx_hal_tim.o(.text.HAL_TIM_PWM_MspInit)
    HAL_TIM_PWM_PulseFinishedCallback        0x08002a69   Thumb Code     2  stm32f4xx_hal_tim.o(.text.HAL_TIM_PWM_PulseFinishedCallback)
    HAL_TIM_PWM_Start                        0x08002a6d   Thumb Code   270  stm32f4xx_hal_tim.o(.text.HAL_TIM_PWM_Start)
    HAL_TIM_PeriodElapsedCallback            0x08002b7d   Thumb Code     2  stm32f4xx_hal_tim.o(.text.HAL_TIM_PeriodElapsedCallback)
    HAL_TIM_ReadCapturedValue                0x08002b81   Thumb Code    22  stm32f4xx_hal_tim.o(.text.HAL_TIM_ReadCapturedValue)
    HAL_TIM_TriggerCallback                  0x08002b99   Thumb Code     2  stm32f4xx_hal_tim.o(.text.HAL_TIM_TriggerCallback)
    HAL_UART_Init                            0x08002b9d   Thumb Code    96  stm32f4xx_hal_uart.o(.text.HAL_UART_Init)
    HAL_UART_MspInit                         0x08002bfd   Thumb Code   116  stm32f4xx_hal_msp.o(.text.HAL_UART_MspInit)
    HardFault_Handler                        0x08002c71   Thumb Code     2  stm32f4xx_it.o(.text.HardFault_Handler)
    HeadingHold_Task                         0x08002c75   Thumb Code   228  control.o(.text.HeadingHold_Task)
    Kinematics_reset                         0x08003401   Thumb Code    22  control.o(.text.Kinematics_reset)
    Kinematics_update                        0x08003419   Thumb Code   296  control.o(.text.Kinematics_update)
    MemManage_Handler                        0x08003559   Thumb Code     2  stm32f4xx_it.o(.text.MemManage_Handler)
    NMI_Handler                              0x0800355d   Thumb Code     2  stm32f4xx_it.o(.text.NMI_Handler)
    PID_Init                                 0x08003561   Thumb Code    22  pid.o(.text.PID_Init)
    PID_Reset                                0x08003579   Thumb Code    12  pid.o(.text.PID_Reset)
    PID_Update                               0x08003585   Thumb Code   176  pid.o(.text.PID_Update)
    PendSV_Handler                           0x08003641   Thumb Code     2  stm32f4xx_it.o(.text.PendSV_Handler)
    SVC_Handler                              0x08003645   Thumb Code     2  stm32f4xx_it.o(.text.SVC_Handler)
    SysTick_Handler                          0x08003649   Thumb Code     4  stm32f4xx_it.o(.text.SysTick_Handler)
    SystemClock_Config                       0x0800364d   Thumb Code   168  main.o(.text.SystemClock_Config)
    SystemInit                               0x080036f5   Thumb Code    18  system_stm32f4xx.o(.text.SystemInit)
    TIM2_IRQHandler                          0x08003709   Thumb Code    12  stm32f4xx_it.o(.text.TIM2_IRQHandler)
    TIM5_IRQHandler                          0x08003715   Thumb Code    12  stm32f4xx_it.o(.text.TIM5_IRQHandler)
    TIM_Base_SetConfig                       0x08003721   Thumb Code   314  stm32f4xx_hal_tim.o(.text.TIM_Base_SetConfig)
    UsageFault_Handler                       0x08003945   Thumb Code     2  stm32f4xx_it.o(.text.UsageFault_Handler)
    encoder_init                             0x08003949   Thumb Code    50  encoder.o(.text.encoder_init)
    main                                     0x0800397d   Thumb Code   990  main.o(.text.main)
    motor_init                               0x08003d5d   Thumb Code    86  motor.o(.text.motor_init)
    motor_stop                               0x08003db5   Thumb Code    40  motor.o(.text.motor_stop)
    motorcontrol_pid                         0x08003ddd   Thumb Code   540  control.o(.text.motorcontrol_pid)
    mpu6050_Calibrate                        0x0800400d   Thumb Code   128  mpu6050.o(.text.mpu6050_Calibrate)
    mpu6050_Init                             0x08004095   Thumb Code   188  mpu6050.o(.text.mpu6050_Init)
    mpu6050_angleDiff                        0x08004151   Thumb Code    60  mpu6050.o(.text.mpu6050_angleDiff)
    pid_setup                                0x0800419d   Thumb Code   116  control.o(.text.pid_setup)
    _btod_d2e                                0x08004225   Thumb Code    62  btod.o(CL$$btod_d2e)
    _d2e_denorm_low                          0x08004263   Thumb Code    70  btod.o(CL$$btod_d2e_denorm_low)
    _d2e_norm_op1                            0x080042a9   Thumb Code    96  btod.o(CL$$btod_d2e_norm_op1)
    __btod_div_common                        0x08004309   Thumb Code   696  btod.o(CL$$btod_div_common)
    _e2e                                     0x08004641   Thumb Code   220  btod.o(CL$$btod_e2e)
    _btod_ediv                               0x0800471d   Thumb Code    42  btod.o(CL$$btod_ediv)
    _btod_emul                               0x08004747   Thumb Code    42  btod.o(CL$$btod_emul)
    __btod_mult_common                       0x08004771   Thumb Code   580  btod.o(CL$$btod_mult_common)
    __ARM_fpclassify                         0x080049b5   Thumb Code    48  fpclassify.o(i.__ARM_fpclassify)
    __ARM_fpclassifyf                        0x080049e5   Thumb Code    38  fpclassifyf.o(i.__ARM_fpclassifyf)
    __hardfp_cosf                            0x08004a0d   Thumb Code   280  cosf.o(i.__hardfp_cosf)
    __hardfp_sinf                            0x08004b5d   Thumb Code   344  sinf.o(i.__hardfp_sinf)
    __mathlib_flt_infnan                     0x08004ced   Thumb Code     6  funder.o(i.__mathlib_flt_infnan)
    __mathlib_flt_invalid                    0x08004cf5   Thumb Code    10  funder.o(i.__mathlib_flt_invalid)
    __mathlib_flt_underflow                  0x08004d05   Thumb Code    10  funder.o(i.__mathlib_flt_underflow)
    __mathlib_rredf2                         0x08004d15   Thumb Code   316  rredf.o(i.__mathlib_rredf2)
    _get_lc_numeric                          0x08004e69   Thumb Code    44  lc_numeric_c.o(locale$$code)
    _fp_init                                 0x08004e95   Thumb Code    26  fpinit.o(x$fpl$fpinit)
    __fplib_config_fpu_vfp                   0x08004ead   Thumb Code     0  fpinit.o(x$fpl$fpinit)
    __fplib_config_pureend_doubles           0x08004ead   Thumb Code     0  fpinit.o(x$fpl$fpinit)
    _printf_fp_dec                           0x08004eaf   Thumb Code     4  printf1.o(x$fpl$printf1)
    __I$use$fp                               0x08004eb2   Number         0  usenofp.o(x$fpl$usenofp)
    AHBPrescTable                            0x08004f68   Data          16  system_stm32f4xx.o(.rodata.AHBPrescTable)
    APBPrescTable                            0x08004f78   Data           8  system_stm32f4xx.o(.rodata.APBPrescTable)
    Region$$Table$$Base                      0x08004fb0   Number         0  anon$$obj.o(Region$$Table)
    Region$$Table$$Limit                     0x08004fd0   Number         0  anon$$obj.o(Region$$Table)
    uwTickFreq                               0x20000000   Data           1  stm32f4xx_hal.o(.data..L_MergedGlobals)
    uwTickPrio                               0x20000004   Data           4  stm32f4xx_hal.o(.data..L_MergedGlobals)
    SystemCoreClock                          0x20000008   Data           4  system_stm32f4xx.o(.data.SystemCoreClock)
    g_sp_v                                   0x2000000c   Data           4  main.o(.data.g_sp_v)
    __libspace_start                         0x20000010   Data          96  libspace.o(.bss)
    __temporary_stack_top$libspace           0x20000070   Data           0  libspace.o(.bss)
    p_l                                      0x20000070   Data           2  main.o(.bss..L_MergedGlobals)
    p_r                                      0x20000072   Data           2  main.o(.bss..L_MergedGlobals)
    heading_target                           0x20000074   Data           4  main.o(.bss..L_MergedGlobals)
    sl                                       0x20000078   Data           4  main.o(.bss..L_MergedGlobals)
    sr                                       0x2000007c   Data           4  main.o(.bss..L_MergedGlobals)
    huart1                                   0x20000080   Data          72  main.o(.bss..L_MergedGlobals)
    pose                                     0x200000c8   Data          20  control.o(.bss..L_MergedGlobals)
    ph                                       0x200000dc   Data          24  control.o(.bss..L_MergedGlobals)
    Motor_Left_Dir                           0x200000f4   Data           1  encoder.o(.bss..L_MergedGlobals)
    Motor_Right_Dir                          0x200000f5   Data           1  encoder.o(.bss..L_MergedGlobals)
    ec_l                                     0x200000f8   Data          32  encoder.o(.bss..L_MergedGlobals)
    ec_r                                     0x20000118   Data          32  encoder.o(.bss..L_MergedGlobals)
    Flag                                     0x20000138   Data           1  mpu6050.o(.bss..L_MergedGlobals)
    system_ready                             0x20000139   Data           1  mpu6050.o(.bss..L_MergedGlobals)
    gz                                       0x2000013a   Data           2  mpu6050.o(.bss..L_MergedGlobals)
    GZ                                       0x2000013c   Data           4  mpu6050.o(.bss..L_MergedGlobals)
    GZ_calib                                 0x20000140   Data           4  mpu6050.o(.bss..L_MergedGlobals)
    yaw                                      0x20000144   Data           4  mpu6050.o(.bss..L_MergedGlobals)
    last_dist_l                              0x20000148   Data           4  mpu6050.o(.bss..L_MergedGlobals)
    last_dist_r                              0x2000014c   Data           4  mpu6050.o(.bss..L_MergedGlobals)
    nav_manual                               0x20000150   Data           1  navigation.o(.bss..L_MergedGlobals)
    lidarDistance                            0x20000152   Data           2  navigation.o(.bss..L_MergedGlobals)
    g_ms                                     0x20000158   Data           4  main.o(.bss.g_ms)
    g_sp_w                                   0x2000015c   Data           4  main.o(.bss.g_sp_w)
    hi2c2                                    0x20000160   Data          84  main.o(.bss.hi2c2)
    htim2                                    0x200001b4   Data          72  main.o(.bss.htim2)
    htim4                                    0x200001fc   Data          72  main.o(.bss.htim4)
    htim5                                    0x20000244   Data          72  main.o(.bss.htim5)
    pid_l                                    0x2000028c   Data          44  pid.o(.bss.pid_l)
    pid_r                                    0x200002b8   Data          44  pid.o(.bss.pid_r)
    uwTick                                   0x200002e4   Data           4  stm32f4xx_hal.o(.bss.uwTick)



==============================================================================

Memory Map of the image

  Image Entry point : 0x08000189

  Load Region LR_IROM1 (Base: 0x08000000, Size: 0x00005000, Max: 0x00080000, ABSOLUTE)

    Execution Region ER_IROM1 (Exec base: 0x08000000, Load base: 0x08000000, Size: 0x00004fec, Max: 0x00080000, ABSOLUTE)

    Exec Addr    Load Addr    Size         Type   Attr      Idx    E Section Name        Object

    0x08000000   0x08000000   0x00000188   Data   RO            3    RESET               startup_stm32f407xx.o
    0x08000188   0x08000188   0x00000008   Code   RO         1345  * !!!main             c_w.l(__main.o)
    0x08000190   0x08000190   0x0000005c   Code   RO         1647    !!!scatter          c_w.l(__scatter.o)
    0x080001ec   0x080001ec   0x0000001a   Code   RO         1651    !!handler_copy      c_w.l(__scatter_copy.o)
    0x08000206   0x08000206   0x00000002   PAD
    0x08000208   0x08000208   0x00000002   Code   RO         1648    !!handler_null      c_w.l(__scatter.o)
    0x0800020a   0x0800020a   0x00000002   PAD
    0x0800020c   0x0800020c   0x0000001c   Code   RO         1653    !!handler_zi        c_w.l(__scatter_zi.o)
    0x08000228   0x08000228   0x00000000   Code   RO         1334    .ARM.Collect$$_printf_percent$$00000000  c_w.l(_printf_percent.o)
    0x08000228   0x08000228   0x00000006   Code   RO         1333    .ARM.Collect$$_printf_percent$$00000003  c_w.l(_printf_f.o)
    0x0800022e   0x0800022e   0x00000006   Code   RO         1332    .ARM.Collect$$_printf_percent$$00000009  c_w.l(_printf_d.o)
    0x08000234   0x08000234   0x00000004   Code   RO         1388    .ARM.Collect$$_printf_percent$$00000017  c_w.l(_printf_percent_end.o)
    0x08000238   0x08000238   0x00000002   Code   RO         1510    .ARM.Collect$$libinit$$00000000  c_w.l(libinit.o)
    0x0800023a   0x0800023a   0x00000004   Code   RO         1511    .ARM.Collect$$libinit$$00000001  c_w.l(libinit2.o)
    0x0800023e   0x0800023e   0x00000000   Code   RO         1514    .ARM.Collect$$libinit$$00000004  c_w.l(libinit2.o)
    0x0800023e   0x0800023e   0x00000000   Code   RO         1516    .ARM.Collect$$libinit$$00000006  c_w.l(libinit2.o)
    0x0800023e   0x0800023e   0x00000000   Code   RO         1519    .ARM.Collect$$libinit$$0000000C  c_w.l(libinit2.o)
    0x0800023e   0x0800023e   0x00000000   Code   RO         1521    .ARM.Collect$$libinit$$0000000E  c_w.l(libinit2.o)
    0x0800023e   0x0800023e   0x00000000   Code   RO         1523    .ARM.Collect$$libinit$$00000010  c_w.l(libinit2.o)
    0x0800023e   0x0800023e   0x00000006   Code   RO         1524    .ARM.Collect$$libinit$$00000011  c_w.l(libinit2.o)
    0x08000244   0x08000244   0x00000000   Code   RO         1526    .ARM.Collect$$libinit$$00000013  c_w.l(libinit2.o)
    0x08000244   0x08000244   0x00000000   Code   RO         1528    .ARM.Collect$$libinit$$00000015  c_w.l(libinit2.o)
    0x08000244   0x08000244   0x00000000   Code   RO         1530    .ARM.Collect$$libinit$$00000017  c_w.l(libinit2.o)
    0x08000244   0x08000244   0x0000000a   Code   RO         1531    .ARM.Collect$$libinit$$00000018  c_w.l(libinit2.o)
    0x0800024e   0x0800024e   0x00000000   Code   RO         1532    .ARM.Collect$$libinit$$00000019  c_w.l(libinit2.o)
    0x0800024e   0x0800024e   0x00000000   Code   RO         1534    .ARM.Collect$$libinit$$0000001B  c_w.l(libinit2.o)
    0x0800024e   0x0800024e   0x00000000   Code   RO         1536    .ARM.Collect$$libinit$$0000001D  c_w.l(libinit2.o)
    0x0800024e   0x0800024e   0x00000000   Code   RO         1538    .ARM.Collect$$libinit$$0000001F  c_w.l(libinit2.o)
    0x0800024e   0x0800024e   0x00000000   Code   RO         1540    .ARM.Collect$$libinit$$00000021  c_w.l(libinit2.o)
    0x0800024e   0x0800024e   0x00000000   Code   RO         1542    .ARM.Collect$$libinit$$00000023  c_w.l(libinit2.o)
    0x0800024e   0x0800024e   0x00000000   Code   RO         1544    .ARM.Collect$$libinit$$00000025  c_w.l(libinit2.o)
    0x0800024e   0x0800024e   0x00000000   Code   RO         1546    .ARM.Collect$$libinit$$00000027  c_w.l(libinit2.o)
    0x0800024e   0x0800024e   0x00000000   Code   RO         1550    .ARM.Collect$$libinit$$0000002E  c_w.l(libinit2.o)
    0x0800024e   0x0800024e   0x00000000   Code   RO         1552    .ARM.Collect$$libinit$$00000030  c_w.l(libinit2.o)
    0x0800024e   0x0800024e   0x00000000   Code   RO         1554    .ARM.Collect$$libinit$$00000032  c_w.l(libinit2.o)
    0x0800024e   0x0800024e   0x00000000   Code   RO         1556    .ARM.Collect$$libinit$$00000034  c_w.l(libinit2.o)
    0x0800024e   0x0800024e   0x00000002   Code   RO         1557    .ARM.Collect$$libinit$$00000035  c_w.l(libinit2.o)
    0x08000250   0x08000250   0x00000002   Code   RO         1612    .ARM.Collect$$libshutdown$$00000000  c_w.l(libshutdown.o)
    0x08000252   0x08000252   0x00000000   Code   RO         1630    .ARM.Collect$$libshutdown$$00000002  c_w.l(libshutdown2.o)
    0x08000252   0x08000252   0x00000000   Code   RO         1632    .ARM.Collect$$libshutdown$$00000004  c_w.l(libshutdown2.o)
    0x08000252   0x08000252   0x00000000   Code   RO         1635    .ARM.Collect$$libshutdown$$00000007  c_w.l(libshutdown2.o)
    0x08000252   0x08000252   0x00000000   Code   RO         1638    .ARM.Collect$$libshutdown$$0000000A  c_w.l(libshutdown2.o)
    0x08000252   0x08000252   0x00000000   Code   RO         1640    .ARM.Collect$$libshutdown$$0000000C  c_w.l(libshutdown2.o)
    0x08000252   0x08000252   0x00000000   Code   RO         1643    .ARM.Collect$$libshutdown$$0000000F  c_w.l(libshutdown2.o)
    0x08000252   0x08000252   0x00000002   Code   RO         1644    .ARM.Collect$$libshutdown$$00000010  c_w.l(libshutdown2.o)
    0x08000254   0x08000254   0x00000000   Code   RO         1371    .ARM.Collect$$rtentry$$00000000  c_w.l(__rtentry.o)
    0x08000254   0x08000254   0x00000000   Code   RO         1420    .ARM.Collect$$rtentry$$00000002  c_w.l(__rtentry2.o)
    0x08000254   0x08000254   0x00000006   Code   RO         1432    .ARM.Collect$$rtentry$$00000004  c_w.l(__rtentry4.o)
    0x0800025a   0x0800025a   0x00000000   Code   RO         1422    .ARM.Collect$$rtentry$$00000009  c_w.l(__rtentry2.o)
    0x0800025a   0x0800025a   0x00000004   Code   RO         1423    .ARM.Collect$$rtentry$$0000000A  c_w.l(__rtentry2.o)
    0x0800025e   0x0800025e   0x00000000   Code   RO         1425    .ARM.Collect$$rtentry$$0000000C  c_w.l(__rtentry2.o)
    0x0800025e   0x0800025e   0x00000008   Code   RO         1426    .ARM.Collect$$rtentry$$0000000D  c_w.l(__rtentry2.o)
    0x08000266   0x08000266   0x00000002   Code   RO         1558    .ARM.Collect$$rtexit$$00000000  c_w.l(rtexit.o)
    0x08000268   0x08000268   0x00000000   Code   RO         1577    .ARM.Collect$$rtexit$$00000002  c_w.l(rtexit2.o)
    0x08000268   0x08000268   0x00000004   Code   RO         1578    .ARM.Collect$$rtexit$$00000003  c_w.l(rtexit2.o)
    0x0800026c   0x0800026c   0x00000006   Code   RO         1579    .ARM.Collect$$rtexit$$00000004  c_w.l(rtexit2.o)
    0x08000272   0x08000272   0x00000002   PAD
    0x08000274   0x08000274   0x00000040   Code   RO            4    .text               startup_stm32f407xx.o
    0x080002b4   0x080002b4   0x000000f0   Code   RO         1302    .text               c_w.l(lludivv7m.o)
    0x080003a4   0x080003a4   0x00000078   Code   RO         1310    .text               c_w.l(_printf_dec.o)
    0x0800041c   0x0800041c   0x0000004e   Code   RO         1341    .text               c_w.l(rt_memclr_w.o)
    0x0800046a   0x0800046a   0x00000006   Code   RO         1343    .text               c_w.l(heapauxi.o)
    0x08000470   0x08000470   0x00000016   Code   RO         1376    .text               c_w.l(_rserrno.o)
    0x08000486   0x08000486   0x000000b2   Code   RO         1378    .text               c_w.l(_printf_intcommon.o)
    0x08000538   0x08000538   0x0000041c   Code   RO         1380    .text               c_w.l(_printf_fp_dec.o)
    0x08000954   0x08000954   0x00000008   Code   RO         1439    .text               c_w.l(rt_locale_intlibspace.o)
    0x0800095c   0x0800095c   0x00000008   Code   RO         1444    .text               c_w.l(rt_errno_addr_intlibspace.o)
    0x08000964   0x08000964   0x0000008a   Code   RO         1446    .text               c_w.l(lludiv10.o)
    0x080009ee   0x080009ee   0x00000002   PAD
    0x080009f0   0x080009f0   0x00000080   Code   RO         1448    .text               c_w.l(_printf_fp_infnan.o)
    0x08000a70   0x08000a70   0x000000e4   Code   RO         1452    .text               c_w.l(bigflt0.o)
    0x08000b54   0x08000b54   0x00000008   Code   RO         1490    .text               c_w.l(libspace.o)
    0x08000b5c   0x08000b5c   0x0000004a   Code   RO         1493    .text               c_w.l(sys_stackheap_outer.o)
    0x08000ba6   0x08000ba6   0x00000012   Code   RO         1497    .text               c_w.l(exit.o)
    0x08000bb8   0x08000bb8   0x0000007c   Code   RO         1503    .text               c_w.l(strcmpv7em.o)
    0x08000c34   0x08000c34   0x0000000c   Code   RO         1572    .text               c_w.l(sys_exit.o)
    0x08000c40   0x08000c40   0x00000002   Code   RO         1599    .text               c_w.l(use_no_semi.o)
    0x08000c42   0x08000c42   0x00000000   Code   RO         1601    .text               c_w.l(indicate_semi.o)
    0x08000c42   0x08000c42   0x00000002   PAD
    0x08000c44   0x08000c44   0x00000002   Code   RO           46    .text.BusFault_Handler  stm32f4xx_it.o
    0x08000c46   0x08000c46   0x00000002   PAD
    0x08000c48   0x08000c48   0x00000002   Code   RO           52    .text.DebugMon_Handler  stm32f4xx_it.o
    0x08000c4a   0x08000c4a   0x00000002   PAD
    0x08000c4c   0x08000c4c   0x00000008   Code   RO           60    .text.EXTI15_10_IRQHandler  stm32f4xx_it.o
    0x08000c54   0x08000c54   0x00000028   Code   RO          549    .text.HAL_Delay     stm32f4xx_hal.o
    0x08000c7c   0x08000c7c   0x0000014c   Code   RO         1167    .text.HAL_GPIO_EXTI_Callback  mpu6050.o
    0x08000dc8   0x08000dc8   0x00000016   Code   RO          356    .text.HAL_GPIO_EXTI_IRQHandler  stm32f4xx_hal_gpio.o
    0x08000dde   0x08000dde   0x00000002   PAD
    0x08000de0   0x08000de0   0x0000019e   Code   RO          344    .text.HAL_GPIO_Init  stm32f4xx_hal_gpio.o
    0x08000f7e   0x08000f7e   0x00000002   PAD
    0x08000f80   0x08000f80   0x0000000a   Code   RO          350    .text.HAL_GPIO_WritePin  stm32f4xx_hal_gpio.o
    0x08000f8a   0x08000f8a   0x00000002   PAD
    0x08000f8c   0x08000f8c   0x0000000c   Code   RO          541    .text.HAL_GetTick   stm32f4xx_hal.o
    0x08000f98   0x08000f98   0x00000164   Code   RO           95    .text.HAL_I2C_Init  stm32f4xx_hal_i2c.o
    0x080010fc   0x080010fc   0x00000258   Code   RO          143    .text.HAL_I2C_Mem_Read  stm32f4xx_hal_i2c.o
    0x08001354   0x08001354   0x0000015c   Code   RO          139    .text.HAL_I2C_Mem_Write  stm32f4xx_hal_i2c.o
    0x080014b0   0x080014b0   0x00000076   Code   RO           73    .text.HAL_I2C_MspInit  stm32f4xx_hal_msp.o
    0x08001526   0x08001526   0x00000002   PAD
    0x08001528   0x08001528   0x0000001a   Code   RO          539    .text.HAL_IncTick   stm32f4xx_hal.o
    0x08001542   0x08001542   0x00000002   PAD
    0x08001544   0x08001544   0x00000036   Code   RO          529    .text.HAL_Init      stm32f4xx_hal.o
    0x0800157a   0x0800157a   0x00000002   PAD
    0x0800157c   0x0800157c   0x00000048   Code   RO          531    .text.HAL_InitTick  stm32f4xx_hal.o
    0x080015c4   0x080015c4   0x00000038   Code   RO           71    .text.HAL_MspInit   stm32f4xx_hal_msp.o
    0x080015fc   0x080015fc   0x00000022   Code   RO          481    .text.HAL_NVIC_EnableIRQ  stm32f4xx_hal_cortex.o
    0x0800161e   0x0800161e   0x00000002   PAD
    0x08001620   0x08001620   0x00000056   Code   RO          479    .text.HAL_NVIC_SetPriority  stm32f4xx_hal_cortex.o
    0x08001676   0x08001676   0x00000002   PAD
    0x08001678   0x08001678   0x00000020   Code   RO          477    .text.HAL_NVIC_SetPriorityGrouping  stm32f4xx_hal_cortex.o
    0x08001698   0x08001698   0x00000164   Code   RO          238    .text.HAL_RCC_ClockConfig  stm32f4xx_hal_rcc.o
    0x080017fc   0x080017fc   0x00000026   Code   RO          250    .text.HAL_RCC_GetPCLK1Freq  stm32f4xx_hal_rcc.o
    0x08001822   0x08001822   0x00000002   PAD
    0x08001824   0x08001824   0x00000026   Code   RO          252    .text.HAL_RCC_GetPCLK2Freq  stm32f4xx_hal_rcc.o
    0x0800184a   0x0800184a   0x00000002   PAD
    0x0800184c   0x0800184c   0x00000070   Code   RO          240    .text.HAL_RCC_GetSysClockFreq  stm32f4xx_hal_rcc.o
    0x080018bc   0x080018bc   0x000003ac   Code   RO          236    .text.HAL_RCC_OscConfig  stm32f4xx_hal_rcc.o
    0x08001c68   0x08001c68   0x0000002c   Code   RO          489    .text.HAL_SYSTICK_Config  stm32f4xx_hal_cortex.o
    0x08001c94   0x08001c94   0x00000002   Code   RO          924    .text.HAL_TIMEx_BreakCallback  stm32f4xx_hal_tim_ex.o
    0x08001c96   0x08001c96   0x00000002   PAD
    0x08001c98   0x08001c98   0x00000002   Code   RO          920    .text.HAL_TIMEx_CommutCallback  stm32f4xx_hal_tim_ex.o
    0x08001c9a   0x08001c9a   0x00000002   PAD
    0x08001c9c   0x08001c9c   0x000000ba   Code   RO          914    .text.HAL_TIMEx_MasterConfigSynchronization  stm32f4xx_hal_tim_ex.o
    0x08001d56   0x08001d56   0x00000002   PAD
    0x08001d58   0x08001d58   0x0000005a   Code   RO          619    .text.HAL_TIM_Base_Init  stm32f4xx_hal_tim.o
    0x08001db2   0x08001db2   0x00000002   PAD
    0x08001db4   0x08001db4   0x00000116   Code   RO           77    .text.HAL_TIM_Base_MspInit  stm32f4xx_hal_msp.o
    0x08001eca   0x08001eca   0x00000002   PAD
    0x08001ecc   0x08001ecc   0x000000a2   Code   RO          629    .text.HAL_TIM_Base_Start  stm32f4xx_hal_tim.o
    0x08001f6e   0x08001f6e   0x00000002   PAD
    0x08001f70   0x08001f70   0x000001a0   Code   RO          799    .text.HAL_TIM_ConfigClockSource  stm32f4xx_hal_tim.o
    0x08002110   0x08002110   0x00000198   Code   RO         1124    .text.HAL_TIM_IC_CaptureCallback  encoder.o
    0x080022a8   0x080022a8   0x000001c6   Code   RO          769    .text.HAL_TIM_IC_ConfigChannel  stm32f4xx_hal_tim.o
    0x0800246e   0x0800246e   0x00000002   PAD
    0x08002470   0x08002470   0x0000005a   Code   RO          693    .text.HAL_TIM_IC_Init  stm32f4xx_hal_tim.o
    0x080024ca   0x080024ca   0x00000002   PAD
    0x080024cc   0x080024cc   0x00000002   Code   RO          695    .text.HAL_TIM_IC_MspInit  stm32f4xx_hal_tim.o
    0x080024ce   0x080024ce   0x00000002   PAD
    0x080024d0   0x080024d0   0x00000162   Code   RO          705    .text.HAL_TIM_IC_Start_IT  stm32f4xx_hal_tim.o
    0x08002632   0x08002632   0x00000002   PAD
    0x08002634   0x08002634   0x0000014e   Code   RO          753    .text.HAL_TIM_IRQHandler  stm32f4xx_hal_tim.o
    0x08002782   0x08002782   0x00000002   PAD
    0x08002784   0x08002784   0x0000005e   Code   RO           79    .text.HAL_TIM_MspPostInit  stm32f4xx_hal_msp.o
    0x080027e2   0x080027e2   0x00000002   PAD
    0x080027e4   0x080027e4   0x00000002   Code   RO          757    .text.HAL_TIM_OC_DelayElapsedCallback  stm32f4xx_hal_tim.o
    0x080027e6   0x080027e6   0x00000002   PAD
    0x080027e8   0x080027e8   0x00000220   Code   RO          773    .text.HAL_TIM_PWM_ConfigChannel  stm32f4xx_hal_tim.o
    0x08002a08   0x08002a08   0x0000005a   Code   RO          673    .text.HAL_TIM_PWM_Init  stm32f4xx_hal_tim.o
    0x08002a62   0x08002a62   0x00000002   PAD
    0x08002a64   0x08002a64   0x00000002   Code   RO          675    .text.HAL_TIM_PWM_MspInit  stm32f4xx_hal_tim.o
    0x08002a66   0x08002a66   0x00000002   PAD
    0x08002a68   0x08002a68   0x00000002   Code   RO          759    .text.HAL_TIM_PWM_PulseFinishedCallback  stm32f4xx_hal_tim.o
    0x08002a6a   0x08002a6a   0x00000002   PAD
    0x08002a6c   0x08002a6c   0x0000010e   Code   RO          681    .text.HAL_TIM_PWM_Start  stm32f4xx_hal_tim.o
    0x08002b7a   0x08002b7a   0x00000002   PAD
    0x08002b7c   0x08002b7c   0x00000002   Code   RO          761    .text.HAL_TIM_PeriodElapsedCallback  stm32f4xx_hal_tim.o
    0x08002b7e   0x08002b7e   0x00000002   PAD
    0x08002b80   0x08002b80   0x00000016   Code   RO          809    .text.HAL_TIM_ReadCapturedValue  stm32f4xx_hal_tim.o
    0x08002b96   0x08002b96   0x00000002   PAD
    0x08002b98   0x08002b98   0x00000002   Code   RO          763    .text.HAL_TIM_TriggerCallback  stm32f4xx_hal_tim.o
    0x08002b9a   0x08002b9a   0x00000002   PAD
    0x08002b9c   0x08002b9c   0x00000060   Code   RO          938    .text.HAL_UART_Init  stm32f4xx_hal_uart.o
    0x08002bfc   0x08002bfc   0x00000074   Code   RO           83    .text.HAL_UART_MspInit  stm32f4xx_hal_msp.o
    0x08002c70   0x08002c70   0x00000002   Code   RO           42    .text.HardFault_Handler  stm32f4xx_it.o
    0x08002c72   0x08002c72   0x00000002   PAD
    0x08002c74   0x08002c74   0x00000104   Code   RO         1075    .text.HeadingHold_Task  control.o
    0x08002d78   0x08002d78   0x00000112   Code   RO          145    .text.I2C_RequestMemoryRead  stm32f4xx_hal_i2c.o
    0x08002e8a   0x08002e8a   0x00000002   PAD
    0x08002e8c   0x08002e8c   0x000000c8   Code   RO          141    .text.I2C_RequestMemoryWrite  stm32f4xx_hal_i2c.o
    0x08002f54   0x08002f54   0x000000ba   Code   RO          109    .text.I2C_WaitOnBTFFlagUntilTimeout  stm32f4xx_hal_i2c.o
    0x0800300e   0x0800300e   0x00000002   PAD
    0x08003010   0x08003010   0x000001ca   Code   RO          105    .text.I2C_WaitOnFlagUntilTimeout  stm32f4xx_hal_i2c.o
    0x080031da   0x080031da   0x00000002   PAD
    0x080031dc   0x080031dc   0x000000d6   Code   RO          223    .text.I2C_WaitOnMasterAddressFlagUntilTimeout  stm32f4xx_hal_i2c.o
    0x080032b2   0x080032b2   0x00000002   PAD
    0x080032b4   0x080032b4   0x00000090   Code   RO          113    .text.I2C_WaitOnRXNEFlagUntilTimeout  stm32f4xx_hal_i2c.o
    0x08003344   0x08003344   0x000000ba   Code   RO          107    .text.I2C_WaitOnTXEFlagUntilTimeout  stm32f4xx_hal_i2c.o
    0x080033fe   0x080033fe   0x00000002   PAD
    0x08003400   0x08003400   0x00000016   Code   RO         1089    .text.Kinematics_reset  control.o
    0x08003416   0x08003416   0x00000002   PAD
    0x08003418   0x08003418   0x00000140   Code   RO         1085    .text.Kinematics_update  control.o
    0x08003558   0x08003558   0x00000002   Code   RO           44    .text.MemManage_Handler  stm32f4xx_it.o
    0x0800355a   0x0800355a   0x00000002   PAD
    0x0800355c   0x0800355c   0x00000002   Code   RO           40    .text.NMI_Handler   stm32f4xx_it.o
    0x0800355e   0x0800355e   0x00000002   PAD
    0x08003560   0x08003560   0x00000016   Code   RO         1178    .text.PID_Init      pid.o
    0x08003576   0x08003576   0x00000002   PAD
    0x08003578   0x08003578   0x0000000c   Code   RO         1180    .text.PID_Reset     pid.o
    0x08003584   0x08003584   0x000000bc   Code   RO         1182    .text.PID_Update    pid.o
    0x08003640   0x08003640   0x00000002   Code   RO           54    .text.PendSV_Handler  stm32f4xx_it.o
    0x08003642   0x08003642   0x00000002   PAD
    0x08003644   0x08003644   0x00000002   Code   RO           50    .text.SVC_Handler   stm32f4xx_it.o
    0x08003646   0x08003646   0x00000002   PAD
    0x08003648   0x08003648   0x00000004   Code   RO           56    .text.SysTick_Handler  stm32f4xx_it.o
    0x0800364c   0x0800364c   0x000000a8   Code   RO           15    .text.SystemClock_Config  main.o
    0x080036f4   0x080036f4   0x00000012   Code   RO         1060    .text.SystemInit    system_stm32f4xx.o
    0x08003706   0x08003706   0x00000002   PAD
    0x08003708   0x08003708   0x0000000c   Code   RO           58    .text.TIM2_IRQHandler  stm32f4xx_it.o
    0x08003714   0x08003714   0x0000000c   Code   RO           62    .text.TIM5_IRQHandler  stm32f4xx_it.o
    0x08003720   0x08003720   0x0000013a   Code   RO          623    .text.TIM_Base_SetConfig  stm32f4xx_hal_tim.o
    0x0800385a   0x0800385a   0x00000002   PAD
    0x0800385c   0x0800385c   0x000000e6   Code   RO          942    .text.UART_SetConfig  stm32f4xx_hal_uart.o
    0x08003942   0x08003942   0x00000002   PAD
    0x08003944   0x08003944   0x00000002   Code   RO           48    .text.UsageFault_Handler  stm32f4xx_it.o
    0x08003946   0x08003946   0x00000002   PAD
    0x08003948   0x08003948   0x00000032   Code   RO         1126    .text.encoder_init  encoder.o
    0x0800397a   0x0800397a   0x00000002   PAD
    0x0800397c   0x0800397c   0x000003de   Code   RO           13    .text.main          main.o
    0x08003d5a   0x08003d5a   0x00000002   PAD
    0x08003d5c   0x08003d5c   0x00000056   Code   RO         1147    .text.motor_init    motor.o
    0x08003db2   0x08003db2   0x00000002   PAD
    0x08003db4   0x08003db4   0x00000028   Code   RO         1143    .text.motor_stop    motor.o
    0x08003ddc   0x08003ddc   0x00000230   Code   RO         1093    .text.motorcontrol_pid  control.o
    0x0800400c   0x0800400c   0x00000088   Code   RO         1159    .text.mpu6050_Calibrate  mpu6050.o
    0x08004094   0x08004094   0x000000bc   Code   RO         1157    .text.mpu6050_Init  mpu6050.o
    0x08004150   0x08004150   0x0000004c   Code   RO         1165    .text.mpu6050_angleDiff  mpu6050.o
    0x0800419c   0x0800419c   0x00000088   Code   RO         1091    .text.pid_setup     control.o
    0x08004224   0x08004224   0x0000003e   Code   RO         1455    CL$$btod_d2e        c_w.l(btod.o)
    0x08004262   0x08004262   0x00000046   Code   RO         1457    CL$$btod_d2e_denorm_low  c_w.l(btod.o)
    0x080042a8   0x080042a8   0x00000060   Code   RO         1456    CL$$btod_d2e_norm_op1  c_w.l(btod.o)
    0x08004308   0x08004308   0x00000338   Code   RO         1465    CL$$btod_div_common  c_w.l(btod.o)
    0x08004640   0x08004640   0x000000dc   Code   RO         1462    CL$$btod_e2e        c_w.l(btod.o)
    0x0800471c   0x0800471c   0x0000002a   Code   RO         1459    CL$$btod_ediv       c_w.l(btod.o)
    0x08004746   0x08004746   0x0000002a   Code   RO         1458    CL$$btod_emul       c_w.l(btod.o)
    0x08004770   0x08004770   0x00000244   Code   RO         1464    CL$$btod_mult_common  c_w.l(btod.o)
    0x080049b4   0x080049b4   0x00000030   Code   RO         1488    i.__ARM_fpclassify  m_wm.l(fpclassify.o)
    0x080049e4   0x080049e4   0x00000026   Code   RO         1400    i.__ARM_fpclassifyf  m_wm.l(fpclassifyf.o)
    0x08004a0a   0x08004a0a   0x00000002   PAD
    0x08004a0c   0x08004a0c   0x00000150   Code   RO         1359    i.__hardfp_cosf     m_wm.l(cosf.o)
    0x08004b5c   0x08004b5c   0x00000190   Code   RO         1365    i.__hardfp_sinf     m_wm.l(sinf.o)
    0x08004cec   0x08004cec   0x00000006   Code   RO         1403    i.__mathlib_flt_infnan  m_wm.l(funder.o)
    0x08004cf2   0x08004cf2   0x00000002   PAD
    0x08004cf4   0x08004cf4   0x00000010   Code   RO         1405    i.__mathlib_flt_invalid  m_wm.l(funder.o)
    0x08004d04   0x08004d04   0x00000010   Code   RO         1408    i.__mathlib_flt_underflow  m_wm.l(funder.o)
    0x08004d14   0x08004d14   0x00000154   Code   RO         1416    i.__mathlib_rredf2  m_wm.l(rredf.o)
    0x08004e68   0x08004e68   0x0000002c   Code   RO         1480    locale$$code        c_w.l(lc_numeric_c.o)
    0x08004e94   0x08004e94   0x0000001a   Code   RO         1570    x$fpl$fpinit        fz_wm.l(fpinit.o)
    0x08004eae   0x08004eae   0x00000004   Code   RO         1351    x$fpl$printf1       fz_wm.l(printf1.o)
    0x08004eb2   0x08004eb2   0x00000000   Code   RO         1399    x$fpl$usenofp       fz_wm.l(usenofp.o)
    0x08004eb2   0x08004eb2   0x00000002   PAD
    0x08004eb4   0x08004eb4   0x00000020   Data   RO         1417    .constdata          m_wm.l(rredf.o)
    0x08004ed4   0x08004ed4   0x00000094   Data   RO         1453    .constdata          c_w.l(bigflt0.o)
    0x08004f68   0x08004f68   0x00000010   Data   RO         1065    .rodata.AHBPrescTable  system_stm32f4xx.o
    0x08004f78   0x08004f78   0x00000008   Data   RO         1066    .rodata.APBPrescTable  system_stm32f4xx.o
    0x08004f80   0x08004f80   0x00000030   Data   RO          839    .rodata.cst16       stm32f4xx_hal_tim.o
    0x08004fb0   0x08004fb0   0x00000020   Data   RO         1646    Region$$Table       anon$$obj.o
    0x08004fd0   0x08004fd0   0x0000001c   Data   RO         1479    locale$$data        c_w.l(lc_numeric_c.o)


    Execution Region RW_IRAM1 (Exec base: 0x20000000, Load base: 0x08004ff0, Size: 0x000008e8, Max: 0x0001c000, ABSOLUTE)

    Exec Addr    Load Addr    Size         Type   Attr      Idx    E Section Name        Object

    0x20000000   0x08004ff0   0x00000008   Data   RW          584    .data..L_MergedGlobals  stm32f4xx_hal.o
    0x20000008   0x08004ff8   0x00000004   Data   RW         1064    .data.SystemCoreClock  system_stm32f4xx.o
    0x2000000c   0x08004ffc   0x00000004   Data   RW           21    .data.g_sp_v        main.o
    0x20000010        -       0x00000060   Zero   RW         1491    .bss                c_w.l(libspace.o)
    0x20000070        -       0x00000058   Zero   RW           31    .bss..L_MergedGlobals  main.o
    0x200000c8        -       0x0000002c   Zero   RW         1096    .bss..L_MergedGlobals  control.o
    0x200000f4        -       0x00000044   Zero   RW         1128    .bss..L_MergedGlobals  encoder.o
    0x20000138        -       0x00000018   Zero   RW         1169    .bss..L_MergedGlobals  mpu6050.o
    0x20000150        -       0x00000004   Zero   RW         1213    .bss..L_MergedGlobals  navigation.o
    0x20000154        -       0x00000004   Zero   RW         1095    .bss.HeadingHold_Task.err_old  control.o
    0x20000158        -       0x00000004   Zero   RW           20    .bss.g_ms           main.o
    0x2000015c        -       0x00000004   Zero   RW           22    .bss.g_sp_w         main.o
    0x20000160        -       0x00000054   Zero   RW           24    .bss.hi2c2          main.o
    0x200001b4        -       0x00000048   Zero   RW           25    .bss.htim2          main.o
    0x200001fc        -       0x00000048   Zero   RW           26    .bss.htim4          main.o
    0x20000244        -       0x00000048   Zero   RW           27    .bss.htim5          main.o
    0x2000028c        -       0x0000002c   Zero   RW         1184    .bss.pid_l          pid.o
    0x200002b8        -       0x0000002c   Zero   RW         1185    .bss.pid_r          pid.o
    0x200002e4        -       0x00000004   Zero   RW          583    .bss.uwTick         stm32f4xx_hal.o
    0x200002e8        -       0x00000200   Zero   RW            2    HEAP                startup_stm32f407xx.o
    0x200004e8        -       0x00000400   Zero   RW            1    STACK               startup_stm32f407xx.o


    Execution Region RW_IRAM2 (Exec base: 0x2001c000, Load base: 0x08005000, Size: 0x00000000, Max: 0x00004000, ABSOLUTE)

    **** No section assigned to this execution region ****


==============================================================================

Image component sizes


      Code (inc. data)   RO Data    RW Data    ZI Data      Debug   Object Name

      1298         96          0          0         48       6077   control.o
       458         16          0          0         68       5192   encoder.o
      1158          0          0          4        396      14808   main.o
       126          0          0          0          0       5298   motor.o
       732         56          0          0         24       3867   mpu6050.o
         0          0          0          0          4       6577   navigation.o
       222         12          0          0         88       1576   pid.o
        64         26        392          0       1536        828   startup_stm32f407xx.o
       204          0          0          8          4       7315   stm32f4xx_hal.o
       196          0          0          0          0      10733   stm32f4xx_hal_cortex.o
       446          0          0          0          0       5443   stm32f4xx_hal_gpio.o
      2966          0          0          0          0      44604   stm32f4xx_hal_i2c.o
       662          0          0          0          0      11111   stm32f4xx_hal_msp.o
      1484          4          0          0          0       7642   stm32f4xx_hal_rcc.o
      3152         10         48          0          0      58494   stm32f4xx_hal_tim.o
       190          0          0          0          0      21941   stm32f4xx_hal_tim_ex.o
       326          0          0          0          0      32809   stm32f4xx_hal_uart.o
        52          0          0          0          0       4767   stm32f4xx_it.o
        18          0         24          4          0       2604   system_stm32f4xx.o

    ----------------------------------------------------------------------
     13856        220        496         16       2168     251686   Object Totals
         0          0         32          0          0          0   (incl. Generated)
       102          0          0          0          0          0   (incl. Padding)

    ----------------------------------------------------------------------

      Code (inc. data)   RO Data    RW Data    ZI Data      Debug   Library Member Name

         8          0          0          0          0         68   __main.o
         0          0          0          0          0          0   __rtentry.o
        12          0          0          0          0          0   __rtentry2.o
         6          0          0          0          0          0   __rtentry4.o
        94          8          0          0          0          0   __scatter.o
        26          0          0          0          0          0   __scatter_copy.o
        28          0          0          0          0          0   __scatter_zi.o
         6          0          0          0          0          0   _printf_d.o
       120         16          0          0          0         92   _printf_dec.o
         6          0          0          0          0          0   _printf_f.o
      1052          0          0          0          0        148   _printf_fp_dec.o
       128         16          0          0          0         84   _printf_fp_infnan.o
       178          0          0          0          0         88   _printf_intcommon.o
         0          0          0          0          0          0   _printf_percent.o
         4          0          0          0          0          0   _printf_percent_end.o
        22          0          0          0          0        100   _rserrno.o
       228          4        148          0          0         96   bigflt0.o
      1936        128          0          0          0        668   btod.o
        18          0          0          0          0         80   exit.o
         6          0          0          0          0        152   heapauxi.o
         0          0          0          0          0          0   indicate_semi.o
        44         10         28          0          0         76   lc_numeric_c.o
         2          0          0          0          0          0   libinit.o
        22          0          0          0          0          0   libinit2.o
         2          0          0          0          0          0   libshutdown.o
         2          0          0          0          0          0   libshutdown2.o
         8          4          0          0         96         68   libspace.o
       138          0          0          0          0         80   lludiv10.o
       240          0          0          0          0        100   lludivv7m.o
         8          4          0          0          0         68   rt_errno_addr_intlibspace.o
         8          4          0          0          0         68   rt_locale_intlibspace.o
        78          0          0          0          0         80   rt_memclr_w.o
         2          0          0          0          0          0   rtexit.o
        10          0          0          0          0          0   rtexit2.o
       124          0          0          0          0         88   strcmpv7em.o
        12          4          0          0          0         68   sys_exit.o
        74          0          0          0          0         80   sys_stackheap_outer.o
         2          0          0          0          0         68   use_no_semi.o
        26          0          0          0          0        116   fpinit.o
         4          0          0          0          0        116   printf1.o
         0          0          0          0          0          0   usenofp.o
       336         56          0          0          0        136   cosf.o
        48          0          0          0          0        124   fpclassify.o
        38          0          0          0          0        116   fpclassifyf.o
        38         12          0          0          0        348   funder.o
       340         24         32          0          0        160   rredf.o
       400         56          0          0          0        212   sinf.o

    ----------------------------------------------------------------------
      5900        346        208          0         96       3748   Library Totals
        16          0          0          0          0          0   (incl. Padding)

    ----------------------------------------------------------------------

      Code (inc. data)   RO Data    RW Data    ZI Data      Debug   Library Name

      4654        198        176          0         96       2420   c_w.l
        30          0          0          0          0        232   fz_wm.l
      1200        148         32          0          0       1096   m_wm.l

    ----------------------------------------------------------------------
      5900        346        208          0         96       3748   Library Totals

    ----------------------------------------------------------------------

==============================================================================


      Code (inc. data)   RO Data    RW Data    ZI Data      Debug   

     19756        566        704         16       2264     253134   Grand Totals
     19756        566        704         16       2264     253134   ELF Image Totals
     19756        566        704         16          0          0   ROM Totals

==============================================================================

    Total RO  Size (Code + RO Data)                20460 (  19.98kB)
    Total RW  Size (RW Data + ZI Data)              2280 (   2.23kB)
    Total ROM Size (Code + RO Data + RW Data)      20476 (  20.00kB)

==============================================================================

